 ewMII

 Timestamp is 51a4a588 (Tue May 28 14:39:36 2013)

 Preferred load address is 10000000

 Start         Length     Name                   Class
 0001:00000000 00052786H .text                   CODE
 0002:00000000 00000134H .idata$5                DATA
 0002:00000134 00000004H .CRT$XCA                DATA
 0002:00000138 00000004H .CRT$XCZ                DATA
 0002:0000013c 00000004H .CRT$XIA                DATA
 0002:00000140 00000014H .CRT$XIC                DATA
 0002:00000154 00000004H .CRT$XIZ                DATA
 0002:00000158 00000004H .CRT$XPA                DATA
 0002:0000015c 00000004H .CRT$XPX                DATA
 0002:00000160 00000004H .CRT$XPXA               DATA
 0002:00000164 00000004H .CRT$XPZ                DATA
 0002:00000168 00000004H .CRT$XTA                DATA
 0002:0000016c 00000004H .CRT$XTZ                DATA
 0002:00000170 0000e3f0H .rdata                  DATA
 0002:0000e560 0000000cH .rdata$sxdata           DATA
 0002:0000e56c 00000004H .rtc$IAA                DATA
 0002:0000e570 00000004H .rtc$IZZ                DATA
 0002:0000e574 00000004H .rtc$TAA                DATA
 0002:0000e578 00000004H .rtc$TZZ                DATA
 0002:0000e580 000004f4H .xdata$x                DATA
 0002:0000ea74 00000028H .idata$2                DATA
 0002:0000ea9c 00000014H .idata$3                DATA
 0002:0000eab0 00000134H .idata$4                DATA
 0002:0000ebe4 00000566H .idata$6                DATA
 0002:0000f150 000016f1H .edata                  DATA
 0003:00000000 00001368H .data                   DATA
 0003:00001380 00002684H .bss                    DATA

  Address         Publics by Value              Rva+Base       Lib:Object

 0000:00000000       __except_list              00000000     <absolute>
 0000:00000003       ___safe_se_handler_count   00000003     <absolute>
 0000:00000000       ___ImageBase               10000000     <linker-defined>
 0001:00000000       _apiGetVersion             10001000 f   ewMII.obj
 0001:00000010       _trim                      10001010 f   ewMII.obj
 0001:00000090       _helperStringToLower       10001090 f   ewMII.obj
 0001:00000100       _helperStrcmpi             10001100 f   ewMII.obj
 0001:00000170       _markDeleteJavaRef         10001170 f   ewMII.obj
 0001:000001c0       _getApiErrNo               100011c0 f   ewMII.obj
 0001:000001d0       _setApiErrNo               100011d0 f   ewMII.obj
 0001:000001e0       _getApiErrTxt              100011e0 f   ewMII.obj
 0001:000001f0       _doDebugMsgV               100011f0 f   ewMII.obj
 0001:00000250       _checkSessionId            10001250 f   ewMII.obj
 0001:00000280       _addhash                   10001280 f   ewMII.obj
 0001:00000300       _findhash                  10001300 f   ewMII.obj
 0001:00000360       _delhash                   10001360 f   ewMII.obj
 0001:00000420       _delCtxData                10001420 f   ewMII.obj
 0001:00000450       _deleteCtx                 10001450 f   ewMII.obj
 0001:000004c0       _createCtxData             100014c0 f   ewMII.obj
 0001:00000530       _getCurrCtx                10001530 f   ewMII.obj
 0001:000005c0       _getCurrentDateTimeString  100015c0 f   ewMII.obj
 0001:00000650       _doDebugMsg                10001650 f   ewMII.obj
 0001:00000680       _removeSessionId           10001680 f   ewMII.obj
 0001:000006d0       _setError                  100016d0 f   ewMII.obj
 0001:00000850       _isJNIException            10001850 f   ewMII.obj
 0001:000008f0       _allocBuffer               100018f0 f   ewMII.obj
 0001:00000a00       _getApiMethodId            10001a00 f   ewMII.obj
 0001:00000a60       _InitJniInternalHelpers    10001a60 f   ewMII.obj
 0001:00001020       _createBooleanHolder       10002020 f   ewMII.obj
 0001:00001080       _getBooleanHolderValue     10002080 f   ewMII.obj
 0001:000010e0       _createLongHolder          100020e0 f   ewMII.obj
 0001:00001140       _getLongHolderValue        10002140 f   ewMII.obj
 0001:000011a0       _setLongHolderValue        100021a0 f   ewMII.obj
 0001:000011f0       _createFloatHolder         100021f0 f   ewMII.obj
 0001:00001250       _getFloatHolderValue       10002250 f   ewMII.obj
 0001:000012b0       _createStringHolder        100022b0 f   ewMII.obj
 0001:00001310       _getStringHolderValue      10002310 f   ewMII.obj
 0001:00001370       _setStringHolderValue      10002370 f   ewMII.obj
 0001:000013c0       _createStructHolder        100023c0 f   ewMII.obj
 0001:00001490       _getStructHolderValue      10002490 f   ewMII.obj
 0001:00001560       _createArrayHolder         10002560 f   ewMII.obj
 0001:00001630       _getArrayHolderValue       10002630 f   ewMII.obj
 0001:00001700       _setArrayHolderValue       10002700 f   ewMII.obj
 0001:000017d0       _getArraySize              100027d0 f   ewMII.obj
 0001:00001820       _createStringArray         10002820 f   ewMII.obj
 0001:00001880       _getStringArrayElement     10002880 f   ewMII.obj
 0001:000018e0       _setStringArrayElement     100028e0 f   ewMII.obj
 0001:00001930       _createStructArray         10002930 f   ewMII.obj
 0001:000019d0       _getStructArrayElement     100029d0 f   ewMII.obj
 0001:00001a30       _setStructArrayElement     10002a30 f   ewMII.obj
 0001:00001a80       _createStruct              10002a80 f   ewMII.obj
 0001:00001b50       _getStructBooleanAttr      10002b50 f   ewMII.obj
 0001:00001c30       _setStructBooleanAttr      10002c30 f   ewMII.obj
 0001:00001d00       _getStructCharAttr         10002d00 f   ewMII.obj
 0001:00001dd0       _getStructLongAttr         10002dd0 f   ewMII.obj
 0001:00001eb0       _setStructLongAttr         10002eb0 f   ewMII.obj
 0001:00001f80       _getStructLongLongAttr     10002f80 f   ewMII.obj
 0001:00002060       _setStructLongLongAttr     10003060 f   ewMII.obj
 0001:00002130       _getStructFloatAttr        10003130 f   ewMII.obj
 0001:00002210       _setStructFloatAttr        10003210 f   ewMII.obj
 0001:000022f0       _getStructDoubleAttr       100032f0 f   ewMII.obj
 0001:000023d0       _setStructDoubleAttr       100033d0 f   ewMII.obj
 0001:000024a0       _getStructStringAttr       100034a0 f   ewMII.obj
 0001:00002580       _setStructStringAttr       10003580 f   ewMII.obj
 0001:00002650       _getJavaStringFromCString  10003650 f   ewMII.obj
 0001:000026a0       _createCStringFromJavaString 100036a0 f   ewMII.obj
 0001:000026f0       _releaseCString            100036f0 f   ewMII.obj
 0001:00002740       _callVoidMethod            10003740 f   ewMII.obj
 0001:000027d0       _callLongMethod            100037d0 f   ewMII.obj
 0001:00002870       _doPreDebug                10003870 f   ewMII.obj
 0001:000028f0       _doPostDebug               100038f0 f   ewMII.obj
 0001:000029c0       _addSessionId              100039c0 f   ewMII.obj
 0001:00002a40       _initVM                    10003a40 f   ewMII.obj
 0001:00002b20       _initJavaLogging           10003b20 f   ewMII.obj
 0001:00002c40       _readOptionsFile           10003c40 f   ewMII.obj
 0001:00003020       _initLibraryLogging        10004020 f   ewMII.obj
 0001:00003150       _preFktCheck               10004150 f   ewMII.obj
 0001:000031f0       _postFktCheck              100041f0 f   ewMII.obj
 0001:00003210       _apiShutdown               10004210 f   ewMII.obj
 0001:000035f0       _apiFreeBuffers            100045f0 f   ewMII.obj
 0001:00003740       _initIhapLocator           10004740 f   ewMII.obj
 0001:00003b10       _apiInit                   10004b10 f   ewMII.obj
 0001:00003f80       _initJniApiMethods         10004f80 f   ewMIIFunctions.obj
 0001:00004ee0       _apiLogin                  10005ee0 f   ewMIIFunctions.obj
 0001:000051b0       _apiLogout                 100061b0 f   ewMIIFunctions.obj
 0001:00005390       _apiHeartbeat              10006390 f   ewMIIFunctions.obj
 0001:000055b0       _logMessage                100065b0 f   ewMIIFunctions.obj
 0001:00005830       _changeWorkOrderForLine    10006830 f   ewMIIFunctions.obj
 0001:000062e0       _changeWorkOrder           100072e0 f   ewMIIFunctions.obj
 0001:00006d90       _setWorkOrderFromSerialNumber 10007d90 f   ewMIIFunctions.obj
 0001:00007870       _getStationSetup           10008870 f   ewMIIFunctions.obj
 0001:00008330       _getSerialnumberInfo       10009330 f   ewMIIFunctions.obj
 0001:00008da0       _getSnrUploadInfo          10009da0 f   ewMIIFunctions.obj
 0001:00009490       _assignSerialNumberToWorkOrder 1000a490 f   ewMIIFunctions.obj
 0001:00009800       _mergeParts                1000a800 f   ewMIIFunctions.obj
 0001:00009a90       _removeMergeParts          1000aa90 f   ewMIIFunctions.obj
 0001:00009d10       _verifyMerge               1000ad10 f   ewMIIFunctions.obj
 0001:00009f60       _verifyMergeBySnrRef       1000af60 f   ewMIIFunctions.obj
 0001:0000a3e0       _verifyMergeProduct        1000b3e0 f   ewMIIFunctions.obj
 0001:0000a690       _getProductInfo            1000b690 f   ewMIIFunctions.obj
 0001:0000ad50       _getMergeParts             1000bd50 f   ewMIIFunctions.obj
 0001:0000b650       _getSerialNumberBySnrRef   1000c650 f   ewMIIFunctions.obj
 0001:0000ba90       _switchSerialNumber        1000ca90 f   ewMIIFunctions.obj
 0001:0000bd20       _switchSerialNumberBySnrRef 1000cd20 f   ewMIIFunctions.obj
 0001:0000bfd0       _checkSerialNumberState    1000cfd0 f   ewMIIFunctions.obj
 0001:0000c290       _checkSnrStateBySnrRef     1000d290 f   ewMIIFunctions.obj
 0001:0000c710       _uploadStateAndResultData  1000d710 f   ewMIIFunctions.obj
 0001:0000cb00       _uploadState               1000db00 f   ewMIIFunctions.obj
 0001:0000cd90       _uploadFailureslip         1000dd90 f   ewMIIFunctions.obj
 0001:0000d180       _queryTestData             1000e180 f   ewMIIFunctions.obj
 0001:0000d7a0       _queryRecipeData           1000e7a0 f   ewMIIFunctions.obj
 0001:0000dcd0       _getNextSerialNumber       1000ecd0 f   ewMIIFunctions.obj
 0001:0000dfd0       _getNextSerialNumberForWorkOrder 1000efd0 f   ewMIIFunctions.obj
 0001:0000e410       _bomCheck                  1000f410 f   ewMIIFunctions.obj
 0001:0000e8f0       _bomCheckForWorkorder      1000f8f0 f   ewMIIFunctions.obj
 0001:0000edd0       _setupActivation           1000fdd0 f   ewMIIFunctions.obj
 0001:0000f030       _updateSetupData           10010030 f   ewMIIFunctions.obj
 0001:0000f350       _uploadStateAndFailData    10010350 f   ewMIIFunctions.obj
 0001:0000f7b0       _getStationQuantity        100107b0 f   ewMIIFunctions.obj
 0001:0000fc70       _getSnrHistoryData         10010c70 f   ewMIIFunctions.obj
 0001:00011270       _getSerialNumberHistoryData 10012270 f   ewMIIFunctions.obj
 0001:000128b0       _uploadResultDataAndRecipe 100138b0 f   ewMIIFunctions.obj
 0001:00012dc0       _uploadStationResult       10013dc0 f   ewMIIFunctions.obj
 0001:00013210       _createNewMaterialBin      10014210 f   ewMIIFunctions.obj
 0001:000134f0       _createNewMaterialBinExt   100144f0 f   ewMIIFunctions.obj
 0001:00013900       _getStorage                10014900 f   ewMIIFunctions.obj
 0001:00014720       _setMaterialBinLocation    10015720 f   ewMIIFunctions.obj
 0001:000149d0       _changeMaterialBinQuantity 100159d0 f   ewMIIFunctions.obj
 0001:00014c90       _getMaterialBinInfo        10015c90 f   ewMIIFunctions.obj
 0001:000152c0       _changeMaterialBinAttributes 100162c0 f   ewMIIFunctions.obj
 0001:00015610       _setMaterialBinState       10016610 f   ewMIIFunctions.obj
 0001:00015890       _getNextMaterialBinNumber  10016890 f   ewMIIFunctions.obj
 0001:00015bc0       _reportRmQuantity          10016bc0 f   ewMIIFunctions.obj
 0001:00015e30       _getNumberOfProducts       10016e30 f   ewMIIFunctions.obj
 0001:000160e0       _getCurrentMaterialSetup   100170e0 f   ewMIIFunctions.obj
 0001:00016aa0       _getMaterialSetupData      10017aa0 f   ewMIIFunctions.obj
 0001:000175e0       _getMaterialBinDataByProductNo 100185e0 f   ewMIIFunctions.obj
 0001:00017d20       _getCurrentCalendar        10018d20 f   ewMIIFunctions.obj
 0001:00018110       _shipRemoveSnrFromShippingLot 10019110 f   ewMIIFunctions.obj
 0001:00018390       _shipCheckSnrFromShippingLot 10019390 f   ewMIIFunctions.obj
 0001:00018610       _shipAddSnrToShippingLot   10019610 f   ewMIIFunctions.obj
 0001:00018890       _shipDeactivateShippingLotAtKap 10019890 f   ewMIIFunctions.obj
 0001:00018ae0       _shipActivateShippingLotAtKap 10019ae0 f   ewMIIFunctions.obj
 0001:00018d30       _shipGetSnrDataForShippingLot 10019d30 f   ewMIIFunctions.obj
 0001:000190f0       _shipCompleteLot           1001a0f0 f   ewMIIFunctions.obj
 0001:00019340       _shipReplaceShippingLot    1001a340 f   ewMIIFunctions.obj
 0001:00019a50       _shipGetShippingLotForLotNo 1001aa50 f   ewMIIFunctions.obj
 0001:0001a160       _shipGetShippingLotsForPartNo 1001b160 f   ewMIIFunctions.obj
 0001:0001a9a0       _shipReopenShippingLot     1001b9a0 f   ewMIIFunctions.obj
 0001:0001abf0       _shipCheckSnrAddToShippingLot 1001bbf0 f   ewMIIFunctions.obj
 0001:0001ae70       _uploadStationState        1001be70 f   ewMIIFunctions.obj
 0001:0001b100       _uploadStationWasteTime    1001c100 f   ewMIIFunctions.obj
 0001:0001b390       _uploadStateAndFailureData 1001c390 f   ewMIIFunctions.obj
 0001:0001b8a0       _getBomItems               1001c8a0 f   ewMIIFunctions.obj
 0001:0001c090       _mdataGetBomData           1001d090 f   ewMIIFunctions.obj
 0001:0001c8f0       _assignSerialNumberMergeAndUploadState 1001d8f0 f   ewMIIFunctions.obj
 0001:0001cca0       _getMaterialSetupDataForKapAndPeriod 1001dca0 f   ewMIIFunctions.obj
 0001:0001d2e0       _getKapSetupDataForMaterial 1001e2e0 f   ewMIIFunctions.obj
 0001:0001d910       _updateSetupDataHistory    1001e910 f   ewMIIFunctions.obj
 0001:0001e170       _assignSerialNumberForProductOrWorkorder 1001f170 f   ewMIIFunctions.obj
 0001:0001e570       _shipAddChildLotToParentLot 1001f570 f   ewMIIFunctions.obj
 0001:0001e7f0       _shipRemoveChildLotFromLot 1001f7f0 f   ewMIIFunctions.obj
 0001:0001ea70       _shipRemoveAllChildLotFromParentLot 1001fa70 f   ewMIIFunctions.obj
 0001:0001ecc0       _shipGetChildLotsForParentLot 1001fcc0 f   ewMIIFunctions.obj
 0001:0001f500       _shipMoveAllChildLotsToNewParentLot 10020500 f   ewMIIFunctions.obj
 0001:0001f750       _shipMoveChildLotToNewParentLot 10020750 f   ewMIIFunctions.obj
 0001:0001f9d0       _shipMoveChildLotsFromLotToLot 100209d0 f   ewMIIFunctions.obj
 0001:0001fd10       _getCalendarData           10020d10 f   ewMIIFunctions.obj
 0001:00020330       _registerUser              10021330 f   ewMIIFunctions.obj
 0001:000205e0       _unregisterUser            100215e0 f   ewMIIFunctions.obj
 0001:00020890       _getRegisteredUser         10021890 f   ewMIIFunctions.obj
 0001:00020d30       _activateWorkorder         10021d30 f   ewMIIFunctions.obj
 0001:00020f90       _getSnrInfoData            10021f90 f   ewMIIFunctions.obj
 0001:00021a40       _getRecipeHeaderAndVersion 10022a40 f   ewMIIFunctions.obj
 0001:00022220       _getRecipeData             10023220 f   ewMIIFunctions.obj
 0001:00022c20       _activateRecipe            10023c20 f   ewMIIFunctions.obj
 0001:00022e50       _createRecipe              10023e50 f   ewMIIFunctions.obj
 0001:00023bb0       _shipGetLotFromSerialNo    10024bb0 f   ewMIIFunctions.obj
 0001:000242c0       _appendAttributeToWorkorder 100252c0 f   ewMIIFunctions.obj
 0001:00024650       _appendAttributeToSerialNumber 10025650 f   ewMIIFunctions.obj
 0001:00024900       _appendAttributesToMaterialBin 10025900 f   ewMIIFunctions.obj
 0001:00024c40       _removeAttributeFromSerialNumber 10025c40 f   ewMIIFunctions.obj
 0001:00024ec0       _removeAttributeFromMaterialBin 10025ec0 f   ewMIIFunctions.obj
 0001:00025140       _removeAttributeFromWorkorder 10026140 f   ewMIIFunctions.obj
 0001:00025420       _getAttributesForSerialNumber 10026420 f   ewMIIFunctions.obj
 0001:00025910       _getAttributesForMaterialBin 10026910 f   ewMIIFunctions.obj
 0001:00025e90       _getAttributesForWorkorder 10026e90 f   ewMIIFunctions.obj
 0001:000265e0       _getSerialNumbersForAttribute 100275e0 f   ewMIIFunctions.obj
 0001:000269a0       _getWorkordersForAttribute 100279a0 f   ewMIIFunctions.obj
 0001:00026e70       _getSetupDataBySerialNumber 10027e70 f   ewMIIFunctions.obj
 0001:00027b60       _getWorkplanItems          10028b60 f   ewMIIFunctions.obj
 0001:00028410       _testPaa                   10029410 f   ewMIIFunctions.obj
 0001:00028790       _testSpa                   10029790 f   ewMIIFunctions.obj
 0001:00028b50       _getMdaDocuments           10029b50 f   ewMIIFunctions.obj
 0001:00029600       _getAdvice                 1002a600 f   ewMIIFunctions.obj
 0001:00029b30       _confirmAdvice             1002ab30 f   ewMIIFunctions.obj
 0001:00029e10       _getMaterialBinData        1002ae10 f   ewMIIFunctions.obj
 0001:0002a9d0       _getWorkorderForLine       1002b9d0 f   ewMIIFunctions.obj
 0001:0002b450       _uploadMaterialBookings    1002c450 f   ewMIIFunctions.obj
 0001:0002bc50       _updateSetupDataBySnr      1002cc50 f   ewMIIFunctions.obj
 0001:0002bf00       _updateEquipmentData       1002cf00 f   ewMIIFunctions.obj
 0001:0002c210       _getSetupEquipmentData     1002d210 f   ewMIIFunctions.obj
 0001:0002c900       _getRequiredEquipmentData  1002d900 f   ewMIIFunctions.obj
 0001:0002d160       _checkEquipmentData        1002e160 f   ewMIIFunctions.obj
 0001:0002d9a0       _removeEquipmentForWorkorder 1002e9a0 f   ewMIIFunctions.obj
 0001:0002dbf0       _getFailureCauseForStation 1002ebf0 f   ewMIIFunctions.obj
 0001:0002e260       _getFailureTypForStation   1002f260 f   ewMIIFunctions.obj
 0001:0002e8e0       _getFailureDataForSerialNumber 1002f8e0 f   ewMIIFunctions.obj
 0001:0002f110       _getFailureSlipDataForSerialNumber 10030110 f   ewMIIFunctions.obj
 0001:0002f640       _getResultDataForSerialNumber 10030640 f   ewMIIFunctions.obj
 0001:0002ff50       _uploadMaterialBinBookingsExt 10030f50 f   ewMIIFunctions.obj
 0001:000307a0       _getPlacementName          100317a0 f   ewMIIFunctions.obj
 0001:00030aa0       _updateMaterialSetup       10031aa0 f   ewMIIFunctions.obj
 0001:00031920       _changeFeederBank          10032920 f   ewMIIFunctions.obj
 0001:00031b70       _updateMaterialSetupHistory 10032b70 f   ewMIIFunctions.obj
 0001:000329f0       _getNextBookingForStationAndLayer 100339f0 f   ewMIIFunctions.obj
 0001:00032c70       _getCompleteMaterialSetup  10033c70 f   ewMIIFunctions.obj
 0001:000337d0       _smtConsumption            100347d0 f   ewMIIFunctions.obj
 0001:00034b30       _smtEventSetup             10035b30 f   ewMIIFunctions.obj
 0001:00035e90       _smtSetupPreparation       10036e90 f   ewMIIFunctions.obj
 0001:000371f0       _smtSerialNumberSetup      100381f0 f   ewMIIFunctions.obj
 0001:00038550       _assignBatchNoToWorkorder  10039550 f   ewMIIFunctions.obj
 0001:00038840       _registerBatch             10039840 f   ewMIIFunctions.obj
 0001:00038aa0       _unregisterBatch           10039aa0 f   ewMIIFunctions.obj
 0001:00038d00       _splitBatchNoToSerialNumber 10039d00 f   ewMIIFunctions.obj
 0001:00038fc0       _mergeBatch                10039fc0 f   ewMIIFunctions.obj
 0001:00039280       _getRegisteredBatch        1003a280 f   ewMIIFunctions.obj
 0001:00039610       _getSnrForWorkorderAndWorkstep 1003a610 f   ewMIIFunctions.obj
 0001:00039c50       _getMergedUnits            1003ac50 f   ewMIIFunctions.obj
 0001:0003a810       _checkMergedPartsForSnrComplete 1003b810 f   ewMIIFunctions.obj
 0001:0003ae80       _createAttribute           1003be80 f   ewMIIFunctions.obj
 0001:0003b130       _getBoxContent             1003c130 f   ewMIIFunctions.obj
 0001:0003b460       _mergeMaterialBin          1003c460 f   ewMIIFunctions.obj
 0001:0003b860       _changeMatBinForSerialNumberRepair 1003c860 f   ewMIIFunctions.obj
 0001:0003bb70       _mdcUploadStationCondition 1003cb70 f   ewMIIFunctions.obj
 0001:0003be00       _mdcGetStationConditions   1003ce00 f   ewMIIFunctions.obj
 0001:0003c3f0       _mdcGetStationMessages     1003d3f0 f   ewMIIFunctions.obj
 0001:0003c980       _mdcCreateLog              1003d980 f   ewMIIFunctions.obj
 0001:0003cc10       _mdcGetLog                 1003dc10 f   ewMIIFunctions.obj
 0001:0003d040       _setSetupCycleTime         1003e040 f   ewMIIFunctions.obj
 0001:0003d2a0       _setProductionCycleTime    1003e2a0 f   ewMIIFunctions.obj
 0001:0003d500       _mdcGetConditionCodes      1003e500 f   ewMIIFunctions.obj
 0001:0003da00       _getMaterialBinsForAttribute 1003ea00 f   ewMIIFunctions.obj
 0001:0003df80       _registerUserAtLine        1003ef80 f   ewMIIFunctions.obj
 0001:0003e200       _mdataBomVerify            1003f200 f   ewMIIFunctions.obj
 0001:0003ee80       _customFunction            1003fe80 f   ewMIIFunctions.obj
 0001:0003f270       _trLockSerialNumbers       10040270 f   ewMIIFunctions.obj
 0001:0003f5e0       _trUnlockSerialNumbers     100405e0 f   ewMIIFunctions.obj
 0001:0003f950       _trGetLockedSerialNumbers  10040950 f   ewMIIFunctions.obj
 0001:0003fe90       _trGetSerialNumberLockHistory 10040e90 f   ewMIIFunctions.obj
 0001:00040720       _mlCreateNewMaterialBin    10041720 f   ewMIIFunctions.obj
 0001:00040bd0       _mlSetMaterialBinLocation  10041bd0 f   ewMIIFunctions.obj
 0001:00040e80       _mlSetMaterialBinState     10041e80 f   ewMIIFunctions.obj
 0001:00041100       _mlChangeMaterialBinQuantity 10042100 f   ewMIIFunctions.obj
 0001:000413f0       _removeSnrFromSnrPool      100423f0 f   ewMIIFunctions.obj
 0001:00041670       _addSnrToSnrPool           10042670 f   ewMIIFunctions.obj
 0001:00041ad0       _createSnrPool             10042ad0 f   ewMIIFunctions.obj
 0001:00041d80       _deleteSnrPool             10042d80 f   ewMIIFunctions.obj
 0001:00041fd0       _getPoolInfo               10042fd0 f   ewMIIFunctions.obj
 0001:00042a70       _getPoolSnr                10043a70 f   ewMIIFunctions.obj
 0001:00042ff0       _getPools                  10043ff0 f   ewMIIFunctions.obj
 0001:000434b0       _identifyPoolSnr           100444b0 f   ewMIIFunctions.obj
 0001:00043730       _lockMaterialBin           10044730 f   ewMIIFunctions.obj
 0001:000439e0       _equReportQuantity         100449e0 f   ewMIIFunctions.obj
 0001:00043e90       _equGetReportedQuantity    10044e90 f   ewMIIFunctions.obj
 0001:0004471e       ??0_LocaleUpdate@@QAE@PAUlocaleinfo_struct@@@Z 1004571e f i LIBCMT:_ctype.obj
 0001:000447a0       __isdigit_l                100457a0 f i LIBCMT:_ctype.obj
 0001:000447ef       _isdigit                   100457ef f i LIBCMT:_ctype.obj
 0001:00044818       __isspace_l                10045818 f i LIBCMT:_ctype.obj
 0001:00044867       _isspace                   10045867 f i LIBCMT:_ctype.obj
 0001:00044890       __tolower_l                10045890 f   LIBCMT:tolower.obj
 0001:000449a7       _tolower                   100459a7 f   LIBCMT:tolower.obj
 0001:000449ce       _V6_HeapAlloc              100459ce f   LIBCMT:malloc.obj
 0001:00044a1d       _malloc                    10045a1d f   LIBCMT:malloc.obj
 0001:00044ae0       _free                      10045ae0 f   LIBCMT:free.obj
 0001:00044b70       _strstr                    10045b70 f   LIBCMT:strstr.obj
 0001:00044bf6       _realloc                   10045bf6 f   LIBCMT:realloc.obj
 0001:00044e20       _strncpy                   10045e20 f   LIBCMT:strncpy.obj
 0001:00044f44       __flush                    10045f44 f   LIBCMT:fflush.obj
 0001:00044fa6       __fflush_nolock            10045fa6 f   LIBCMT:fflush.obj
 0001:000450c2       _fflush                    100460c2 f   LIBCMT:fflush.obj
 0001:00045115       __flushall                 10046115 f   LIBCMT:fflush.obj
 0001:0004511e       _vfprintf_helper           1004611e f   LIBCMT:vfprintf.obj
 0001:0004526c       _vfprintf                  1004626c f   LIBCMT:vfprintf.obj
 0001:00045288       __ftell_nolock             10046288 f   LIBCMT:ftell.obj
 0001:00045420       _ftell                     10046420 f   LIBCMT:ftell.obj
 0001:0004548e       ___iob_func                1004648e f   LIBCMT:_file.obj
 0001:00045494       ___initstdio               10046494 f   LIBCMT:_file.obj
 0001:00045545       ___endstdio                10046545 f   LIBCMT:_file.obj
 0001:00045565       __lock_file                10046565 f   LIBCMT:_file.obj
 0001:00045594       __lock_file2               10046594 f   LIBCMT:_file.obj
 0001:000455b7       __unlock_file              100465b7 f   LIBCMT:_file.obj
 0001:000455e6       __unlock_file2             100465e6 f   LIBCMT:_file.obj
 0001:00045609       _sprintf                   10046609 f   LIBCMT:sprintf.obj
 0001:00045690       _strncat                   10046690 f   LIBCMT:strncat.obj
 0001:000457c5       __initp_misc_winxfltr      100467c5 f   LIBCMT:winxfltr.obj
 0001:000457c5       __fpclear                  100467c5 f   LIBCMT:fpinit.obj
 0001:000457c6       __cfltcvt_init             100467c6 f   LIBCMT:fpinit.obj
 0001:00045826       __fpmath                   10046826 f   LIBCMT:fpinit.obj
 0001:00045850       __alldiv                   10046850 f   LIBCMT:lldiv.obj
 0001:00045900       __allmul                   10046900 f   LIBCMT:llmul.obj
 0001:00045934       _fgets                     10046934 f   LIBCMT:fgets.obj
 0001:00045abb       __fclose_nolock            10046abb f   LIBCMT:fclose.obj
 0001:00045b2e       _fclose                    10046b2e f   LIBCMT:fclose.obj
 0001:00045baa       __fsopen                   10046baa f   LIBCMT:fopen.obj
 0001:00045c6e       _fopen                     10046c6e f   LIBCMT:fopen.obj
 0001:00045c81       __CRT_INIT@12              10046c81 f   LIBCMT:dllcrt0.obj
 0001:00045f50       __DllMainCRTStartup@12     10046f50 f   LIBCMT:dllcrt0.obj
 0001:0004617f       ___updatetmbcinfo          1004717f f   LIBCMT:mbctype.obj
 0001:0004629d       __setmbcp_nolock           1004729d f   LIBCMT:mbctype.obj
 0001:00046448       __setmbcp                  10047448 f   LIBCMT:mbctype.obj
 0001:000465e2       ___initmbctable            100475e2 f   LIBCMT:mbctype.obj
 0001:00046600       ___freetlocinfo            10047600 f   LIBCMT:setlocal.obj
 0001:00046740       ___addlocaleref            10047740 f   LIBCMT:setlocal.obj
 0001:000467c6       ___removelocaleref         100477c6 f   LIBCMT:setlocal.obj
 0001:00046890       ___updatetlocinfo          10047890 f   LIBCMT:setlocal.obj
 0001:00046906       __encode_pointer           10047906 f   LIBCMT:tidtable.obj
 0001:00046969       __encoded_null             10047969 f   LIBCMT:tidtable.obj
 0001:00046972       __decode_pointer           10047972 f   LIBCMT:tidtable.obj
 0001:000469d5       ___crtTlsAlloc@4           100479d5 f   LIBCMT:tidtable.obj
 0001:000469de       ___set_flsgetvalue         100479de f   LIBCMT:tidtable.obj
 0001:00046a08       __mtterm                   10047a08 f   LIBCMT:tidtable.obj
 0001:00046a45       __initptd                  10047a45 f   LIBCMT:tidtable.obj
 0001:00046af9       __getptd_noexit            10047af9 f   LIBCMT:tidtable.obj
 0001:00046b7c       __getptd                   10047b7c f   LIBCMT:tidtable.obj
 0001:00046b94       __freefls@4                10047b94 f   LIBCMT:tidtable.obj
 0001:00046cb5       __freeptd                  10047cb5 f   LIBCMT:tidtable.obj
 0001:00046d1e       __mtinit                   10047d1e f   LIBCMT:tidtable.obj
 0001:00046ea2       __isctype_l                10047ea2 f   LIBCMT:isctype.obj
 0001:00046f58       __freea                    10047f58 f i LIBCMT:a_map.obj
 0001:00047315       ___crtLCMapStringA         10048315 f   LIBCMT:a_map.obj
 0001:00047358       __get_errno_from_oserr     10048358 f   LIBCMT:dosmap.obj
 0001:00047393       __errno                    10048393 f   LIBCMT:dosmap.obj
 0001:000473a6       ___doserrno                100483a6 f   LIBCMT:dosmap.obj
 0001:000473b9       __dosmaperr                100483b9 f   LIBCMT:dosmap.obj
 0001:000473d7       __isleadbyte_l             100483d7 f i LIBCMT:_wctype.obj
 0001:0004740d       _isleadbyte                1004840d f i LIBCMT:_wctype.obj
 0001:0004741b       __mtinitlocks              1004841b f   LIBCMT:mlock.obj
 0001:00047464       __mtdeletelocks            10048464 f   LIBCMT:mlock.obj
 0001:000474b9       __unlock                   100484b9 f   LIBCMT:mlock.obj
 0001:000474ce       __mtinitlocknum            100484ce f   LIBCMT:mlock.obj
 0001:00047591       __lock                     10048591 f   LIBCMT:mlock.obj
 0001:000475c2       ___sbh_heap_init           100485c2 f   LIBCMT:sbheap.obj
 0001:0004760a       ___sbh_find_block          1004860a f   LIBCMT:sbheap.obj
 0001:00047635       ___sbh_free_block          10048635 f   LIBCMT:sbheap.obj
 0001:00047949       ___sbh_alloc_new_region    10048949 f   LIBCMT:sbheap.obj
 0001:000479f9       ___sbh_alloc_new_group     100489f9 f   LIBCMT:sbheap.obj
 0001:00047aff       ___sbh_resize_block        10048aff f   LIBCMT:sbheap.obj
 0001:00047dde       ___sbh_alloc_block         10048dde f   LIBCMT:sbheap.obj
 0001:000480c4       __SEH_prolog4              100490c4 f   LIBCMT:sehprolg4.obj
 0001:00048109       __SEH_epilog4              10049109 f   LIBCMT:sehprolg4.obj
 0001:00048120       __except_handler4          10049120 f   LIBCMT:chandler4.obj
 0001:000482b6       ___heap_select             100492b6 f   LIBCMT:heapinit.obj
 0001:00048311       __heap_init                10049311 f   LIBCMT:heapinit.obj
 0001:0004836b       __heap_term                1004936b f   LIBCMT:heapinit.obj
 0001:000483df       __amsg_exit                100493df f   LIBCMT:crt0dat.obj
 0001:00048403       ___crtCorExitProcess       10049403 f   LIBCMT:crt0dat.obj
 0001:00048429       ___crtExitProcess          10049429 f   LIBCMT:crt0dat.obj
 0001:0004843e       __lockexit                 1004943e f   LIBCMT:crt0dat.obj
 0001:00048447       __unlockexit               10049447 f   LIBCMT:crt0dat.obj
 0001:00048468       __initterm_e               10049468 f   LIBCMT:crt0dat.obj
 0001:00048488       __get_osplatform           10049488 f   LIBCMT:crt0dat.obj
 0001:000484bf       __get_winmajor             100494bf f   LIBCMT:crt0dat.obj
 0001:000484fb       __cinit                    100494fb f   LIBCMT:crt0dat.obj
 0001:0004865b       __exit                     1004965b f   LIBCMT:crt0dat.obj
 0001:0004866c       __cexit                    1004966c f   LIBCMT:crt0dat.obj
 0001:0004867b       __init_pointers            1004967b f   LIBCMT:crt0dat.obj
 0001:000486c7       __NMSG_WRITE               100496c7 f   LIBCMT:crt0msg.obj
 0001:00048867       __FF_MSGBANNER             10049867 f   LIBCMT:crt0msg.obj
 0001:000488a0       __initp_heap_handler       100498a0 f   LIBCMT:handler.obj
 0001:000488aa       __callnewh                 100498aa f   LIBCMT:handler.obj
 0001:000488e0       _strchr                    100498e0 f   LIBCMT:strchr.obj
 0001:000488e6       ___from_strstr_to_strchr   100498e6     LIBCMT:strchr.obj
 0001:000489a0       _memcpy                    100499a0 f   LIBCMT:memcpy.obj
 0001:00048d05       __initp_misc_invarg        10049d05 f   LIBCMT:invarg.obj
 0001:00048d0f       __invoke_watson            10049d0f f   LIBCMT:invarg.obj
 0001:00048e0b       __invalid_parameter        10049e0b f   LIBCMT:invarg.obj
 0001:00048e2f       __write_nolock             10049e2f f   LIBCMT:write.obj
 0001:000493f5       __write                    1004a3f5 f   LIBCMT:write.obj
 0001:000494d1       __fileno                   1004a4d1 f   LIBCMT:fileno.obj
 0001:000494fe       __commit                   1004a4fe f   LIBCMT:commit.obj
 0001:000495df       __stbuf                    1004a5df f   LIBCMT:_sftbuf.obj
 0001:00049675       __ftbuf                    1004a675 f   LIBCMT:_sftbuf.obj
 0001:000496a4       __ioinit                   1004a6a4 f   LIBCMT:ioinit.obj
 0001:000498e4       __ioterm                   1004a8e4 f   LIBCMT:ioinit.obj
 0001:000499d1       __output_l                 1004a9d1 f   LIBCMT:output.obj
 0001:0004a369       __lseek_nolock             1004b369 f   LIBCMT:lseek.obj
 0001:0004a3db       __lseek                    1004b3db f   LIBCMT:lseek.obj
 0001:0004a4b7       __malloc_crt               1004b4b7 f   LIBCMT:crtheap.obj
 0001:0004a4f7       __calloc_crt               1004b4f7 f   LIBCMT:crtheap.obj
 0001:0004a53f       __realloc_crt              1004b53f f   LIBCMT:crtheap.obj
 0001:0004a58a       __fcloseall                1004b58a f   LIBCMT:closeall.obj
 0001:0004a629       __flsbuf                   1004b629 f   LIBCMT:_flsbuf.obj
 0001:0004a789       __forcdecpt_l              1004b789 f   LIBCMT:cvt.obj
 0001:0004a7fa       __cropzeros_l              1004b7fa f   LIBCMT:cvt.obj
 0001:0004a87a       __positive                 1004b87a f   LIBCMT:cvt.obj
 0001:0004a890       __fassign_l                1004b890 f   LIBCMT:cvt.obj
 0001:0004a8d0       __fassign                  1004b8d0 f   LIBCMT:cvt.obj
 0001:0004a904       __forcdecpt                1004b904 f   LIBCMT:cvt.obj
 0001:0004a912       __cropzeros                1004b912 f   LIBCMT:cvt.obj
 0001:0004aa8d       __cftoe_l                  1004ba8d f   LIBCMT:cvt.obj
 0001:0004ab5b       __cftoe                    1004bb5b f   LIBCMT:cvt.obj
 0001:0004ab79       __cftoa_l                  1004bb79 f   LIBCMT:cvt.obj
 0001:0004afdf       __cftof_l                  1004bfdf f   LIBCMT:cvt.obj
 0001:0004b098       __cftog_l                  1004c098 f   LIBCMT:cvt.obj
 0001:0004b190       __cfltcvt_l                1004c190 f   LIBCMT:cvt.obj
 0001:0004b216       __cfltcvt                  1004c216 f   LIBCMT:cvt.obj
 0001:0004b237       __initp_misc_cfltcvt_tab   1004c237 f   LIBCMT:cmiscdat.obj
 0001:0004b256       __setdefaultprecision      1004c256 f   LIBCMT:fp8.obj
 0001:0004b27f       __ms_p5_test_fdiv          1004c27f f   LIBCMT:testfdiv.obj
 0001:0004b2bb       __ms_p5_mp_test_fdiv       1004c2bb f   LIBCMT:testfdiv.obj
 0001:0004b2e4       __filbuf                   1004c2e4 f   LIBCMT:_filbuf.obj
 0001:0004b404       __close_nolock             1004c404 f   LIBCMT:close.obj
 0001:0004b498       __close                    1004c498 f   LIBCMT:close.obj
 0001:0004b565       __freebuf                  1004c565 f   LIBCMT:_freebuf.obj
 0001:0004b591       __openfile                 1004c591 f   LIBCMT:_open.obj
 0001:0004b833       __getstream                1004c833 f   LIBCMT:stream.obj
 0001:0004b95c       __local_unwind4            1004c95c f   LIBCMT:exsup4.obj
 0001:0004ba32       __seh_longjmp_unwind4@4    1004ca32 f   LIBCMT:exsup4.obj
 0001:0004ba4e       @_EH4_CallFilterFunc@8     1004ca4e f   LIBCMT:exsup4.obj
 0001:0004ba65       @_EH4_TransferToHandler@8  1004ca65 f   LIBCMT:exsup4.obj
 0001:0004ba7e       @_EH4_GlobalUnwind@4       1004ca7e f   LIBCMT:exsup4.obj
 0001:0004ba98       @_EH4_LocalUnwind@16       1004ca98 f   LIBCMT:exsup4.obj
 0001:0004baaf       __setenvp                  1004caaf f   LIBCMT:stdenvp.obj
 0001:0004bd22       __setargv                  1004cd22 f   LIBCMT:stdargv.obj
 0001:0004bddb       ___crtGetEnvironmentStringsA 1004cddb f   LIBCMT:a_env.obj
 0001:0004bf10       __RTC_Initialize           1004cf10 f   LIBCMT:initsect.obj
 0001:0004bf34       __RTC_Terminate            1004cf34 f   LIBCMT:initsect.obj
 0001:0004bf58       __XcptFilter               1004cf58 f   LIBCMT:winxfltr.obj
 0001:0004c0c7       ___CppXcptFilter           1004d0c7 f   LIBCMT:winxfltr.obj
 0001:0004c0e2       _DllMain@12                1004d0e2 f   LIBCMT:dllmain.obj
 0001:0004c0e8       ___security_init_cookie    1004d0e8 f   LIBCMT:gs_support.obj
 0001:0004c180       _memset                    1004d180 f   LIBCMT:memset.obj
 0001:0004c3b2       ___crtGetStringTypeA       1004d3b2 f   LIBCMT:a_str.obj
 0001:0004c3f2       @__security_check_cookie@4 1004d3f2 f   LIBCMT:secchk.obj
 0001:0004c401       ___free_lc_time            1004d401 f   LIBCMT:inittime.obj
 0001:0004c591       ___free_lconv_num          1004d591 f   LIBCMT:initnum.obj
 0001:0004c5d1       ___free_lconv_mon          1004d5d1 f   LIBCMT:initmon.obj
 0001:0004c65a       _strcat_s                  1004d65a f   LIBCMT:strcat_s.obj
 0001:0004c6d0       _strcspn                   1004d6d0 f   LIBCMT:strcspn.obj
 0001:0004c716       _strncpy_s                 1004d716 f   LIBCMT:strncpy_s.obj
 0001:0004c7c9       _strcpy_s                  1004d7c9 f   LIBCMT:strcpy_s.obj
 0001:0004c830       _strcmp                    1004d830 f   LIBCMT:strcmp.obj
 0001:0004c8c0       _strlen                    1004d8c0 f   LIBCMT:strlen.obj
 0001:0004c94b       _strncmp                   1004d94b f   LIBCMT:strncmp.obj
 0001:0004ca10       _strpbrk                   1004da10 f   LIBCMT:strpbrk.obj
 0001:0004ca50       ___ansicp                  1004da50 f   LIBCMT:convrtcp.obj
 0001:0004ca97       ___convertcp               1004da97 f   LIBCMT:convrtcp.obj
 0001:0004cc50       __alloca_probe_16          1004dc50 f   LIBCMT:alloca16.obj
 0001:0004cc66       __alloca_probe_8           1004dc66     LIBCMT:alloca16.obj
 0001:0004cc7c       __initp_misc_initcrit      1004dc7c f   LIBCMT:initcrit.obj
 0001:0004cc96       ___crtInitCritSecAndSpinCount 1004dc96 f   LIBCMT:initcrit.obj
 0001:0004cd60       _memmove                   1004dd60 f   LIBCMT:memmove.obj
 0001:0004d0d0       __ValidateImageBase        1004e0d0 f   LIBCMT:pesect.obj
 0001:0004d100       __FindPESection            1004e100 f   LIBCMT:pesect.obj
 0001:0004d142       __IsNonwritableInCurrentImage 1004e142 f   LIBCMT:pesect.obj
 0001:0004d25b       ___onexitinit              1004e25b f   LIBCMT:onexit.obj
 0001:0004d28a       __onexit                   1004e28a f   LIBCMT:onexit.obj
 0001:0004d2c6       _atexit                    1004e2c6 f   LIBCMT:onexit.obj
 0001:0004d2d8       ?terminate@@YAXXZ          1004e2d8 f   LIBCMT:hooks.obj
 0001:0004d311       __initp_eh_hooks           1004e311 f   LIBCMT:hooks.obj
 0001:0004d322       __initp_misc_winsig        1004e322 f   LIBCMT:winsig.obj
 0001:0004d36f       ___get_sigabrt             1004e36f f   LIBCMT:winsig.obj
 0001:0004d37c       _raise                     1004e37c f   LIBCMT:winsig.obj
 0001:0004d52c       __initp_misc_rand_s        1004e52c f   LIBCMT:rand_s.obj
 0001:0004d536       __initp_misc_purevirt      1004e536 f   LIBCMT:inithelp.obj
 0001:0004d540       ___crtMessageBoxA          1004e540 f   LIBCMT:crtmbox.obj
 0001:0004d6de       __set_error_mode           1004e6de f   LIBCMT:errmode.obj
 0001:0004d7ab       __VEC_memcpy               1004e7ab f   LIBCMT:p4_memcpy.obj
 0001:0004d88e       __sse2_mathfcns_init       1004e88e f   LIBCMT:mathfcns.obj
 0001:0004d8a2       __crt_debugger_hook        1004e8a2 f   LIBCMT:dbghook.obj
 0001:0004d8aa       __putwch_nolock            1004e8aa f   LIBCMT:putwch.obj
 0001:0004d96c       __mbtowc_l                 1004e96c f   LIBCMT:mbtowc.obj
 0001:0004da7f       _mbtowc                    1004ea7f f   LIBCMT:mbtowc.obj
 0001:0004da96       __isatty                   1004ea96 f   LIBCMT:isatty.obj
 0001:0004daf4       __lseeki64_nolock          1004eaf4 f   LIBCMT:lseeki64.obj
 0001:0004db77       __lseeki64                 1004eb77 f   LIBCMT:lseeki64.obj
 0001:0004dc90       __set_osfhnd               1004ec90 f   LIBCMT:osfinfo.obj
 0001:0004dd0d       __free_osfhnd              1004ed0d f   LIBCMT:osfinfo.obj
 0001:0004dd8e       __get_osfhandle            1004ed8e f   LIBCMT:osfinfo.obj
 0001:0004ddff       ___lock_fhandle            1004edff f   LIBCMT:osfinfo.obj
 0001:0004de9f       __unlock_fhandle           1004ee9f f   LIBCMT:osfinfo.obj
 0001:0004dec1       __alloc_osfhnd             1004eec1 f   LIBCMT:osfinfo.obj
 0001:0004e060       __get_printf_count_output  1004f060 f   LIBCMT:printf.obj
 0001:0004e076       __wctomb_s_l               1004f076 f   LIBCMT:wctomb.obj
 0001:0004e1d5       _wctomb_s                  1004f1d5 f   LIBCMT:wctomb.obj
 0001:0004e1f0       __aulldvrm                 1004f1f0 f   LIBCMT:ulldvrm.obj
 0001:0004e4b0       _strtol                    1004f4b0 f   LIBCMT:strtol.obj
 0001:0004e4d9       __calloc_impl              1004f4d9 f   LIBCMT:calloc.obj
 0001:0004e5f7       __getbuf                   1004f5f7 f   LIBCMT:_getbuf.obj
 0001:0004e640       _strrchr                   1004f640 f   LIBCMT:strrchr.obj
 0001:0004e66d       __atodbl_l                 1004f66d f   LIBCMT:atodbl.obj
 0001:0004e713       __atoflt_l                 1004f713 f   LIBCMT:atodbl.obj
 0001:0004e7b9       __fptostr                  1004f7b9 f   LIBCMT:_fptostr.obj
 0001:0004e876       ___dtold                   1004f876 f   LIBCMT:cfout.obj
 0001:0004e931       __fltout2                  1004f931 f   LIBCMT:cfout.obj
 0001:0004e9c0       __alldvrm                  1004f9c0 f   LIBCMT:lldvrm.obj
 0001:0004eaa0       __aullshr                  1004faa0 f   LIBCMT:ullshr.obj
 0001:0004eabf       __fptrap                   1004fabf f   LIBCMT:crt0fp.obj
 0001:0004eac8       __controlfp_s              1004fac8 f   LIBCMT:contrlfp.obj
 0001:0004eb32       __read_nolock              1004fb32 f   LIBCMT:read.obj
 0001:0004f0d4       __read                     100500d4 f   LIBCMT:read.obj
 0001:0004f7ee       __sopen_helper             100507ee f   LIBCMT:open.obj
 0001:0004f8ba       __sopen_s                  100508ba f   LIBCMT:open.obj
 0001:0004f8d8       __mbsicmp_l                100508d8 f   LIBCMT:mbsicmp.obj
 0001:0004faf2       __mbsicmp                  10050af2 f   LIBCMT:mbsicmp.obj
 0001:0004fb05       __mbsnbcmp_l               10050b05 f   LIBCMT:mbsnbcmp.obj
 0001:0004fc6e       __mbsnbcmp                 10050c6e f   LIBCMT:mbsnbcmp.obj
 0001:0004fc88       __global_unwind2           10050c88 f   LIBCMT:exsup.obj
 0001:0004fced       __local_unwind2            10050ced f   LIBCMT:exsup.obj
 0001:0004fd71       __abnormal_termination     10050d71 f   LIBCMT:exsup.obj
 0001:0004fd94       __NLG_Notify1              10050d94 f   LIBCMT:exsup.obj
 0001:0004fd9d       __NLG_Notify               10050d9d f   LIBCMT:exsup.obj
 0001:0004fdb4       __NLG_Dispatch2            10050db4     LIBCMT:exsup.obj
 0001:0004fdb4       __NLG_Dispatch             10050db4     LIBCMT:exsup.obj
 0001:0004fdbc       __NLG_Call                 10050dbc f   LIBCMT:exsup.obj
 0001:0004fdbe       __NLG_Return2              10050dbe     LIBCMT:exsup.obj
 0001:0004fe10       __ismbblead                10050e10 f   LIBCMT:ismbbyte.obj
 0001:0004fe7a       __VEC_memzero              10050e7a f   LIBCMT:p4_memset.obj
 0001:0004ff09       ___report_gsfailure        10050f09 f   LIBCMT:gs_report.obj
 0001:0005000d       ___ascii_stricmp           1005100d f   LIBCMT:stricmp.obj
 0001:00050042       __stricmp_l                10051042 f   LIBCMT:stricmp.obj
 0001:00050115       _atol                      10051115 f   LIBCMT:atox.obj
 0001:00050130       __chkstk                   10051130 f   LIBCMT:chkstk.obj
 0001:00050130       __alloca_probe             10051130     LIBCMT:chkstk.obj
 0001:0005015b       __msize                    1005115b f   LIBCMT:msize.obj
 0001:000501fe       _abort                     100511fe f   LIBCMT:abort.obj
 0001:00050341       __get_sse2_info            10051341 f   LIBCMT:cpu_disp.obj
 0001:000503a1       ___sse2_available_init     100513a1 f   LIBCMT:cpu_disp.obj
 0001:000503ae       ___initconout              100513ae f   LIBCMT:initcon.obj
 0001:000503cd       ___termcon                 100513cd f   LIBCMT:initcon.obj
 0001:000503fa       __ld12tod                  100513fa f   LIBCMT:intrncvt.obj
 0001:0005093c       __ld12tof                  1005193c f   LIBCMT:intrncvt.obj
 0001:00050e7e       ___strgtold12_l            10051e7e f   LIBCMT:strgtold.obj
 0001:00051542       _$I10_OUTPUT               10052542 f   LIBCMT:x10fout.obj
 0001:00051f38       __control87                10052f38 f i LIBCMT:ieee87.obj
 0001:0005223b       __chsize_nolock            1005323b f   LIBCMT:chsize.obj
 0001:000523ef       __setmode_nolock           100533ef f   LIBCMT:setmode.obj
 0001:000524ab       __get_fmode                100534ab f   LIBCMT:setmode.obj
 0001:000524e0       ___ascii_strnicmp          100534e0 f   LIBCMT:_strnicm.obj
 0001:00052541       ___mtold12                 10053541 f   LIBCMT:mantold.obj
 0001:0005270d       ___set_fpsr_sse2           1005370d f   LIBCMT:fpctrl.obj
 0001:00052780       _RtlUnwind@16              10053780 f   kernel32:KERNEL32.dll
 0002:00000000       __imp__GetCurrentProcess@0 10054000     kernel32:KERNEL32.dll
 0002:00000004       __imp__Sleep@4             10054004     kernel32:KERNEL32.dll
 0002:00000008       __imp__GetCurrentThreadId@0 10054008     kernel32:KERNEL32.dll
 0002:0000000c       __imp__GetLocalTime@4      1005400c     kernel32:KERNEL32.dll
 0002:00000010       __imp__QueryPerformanceCounter@4 10054010     kernel32:KERNEL32.dll
 0002:00000014       __imp__GetTickCount@0      10054014     kernel32:KERNEL32.dll
 0002:00000018       __imp__GetCurrentDirectoryA@8 10054018     kernel32:KERNEL32.dll
 0002:0000001c       __imp__QueryPerformanceFrequency@4 1005401c     kernel32:KERNEL32.dll
 0002:00000020       __imp__HeapAlloc@12        10054020     kernel32:KERNEL32.dll
 0002:00000024       __imp__GetLastError@0      10054024     kernel32:KERNEL32.dll
 0002:00000028       __imp__HeapFree@12         10054028     kernel32:KERNEL32.dll
 0002:0000002c       __imp__HeapReAlloc@16      1005402c     kernel32:KERNEL32.dll
 0002:00000030       __imp__EnterCriticalSection@4 10054030     kernel32:KERNEL32.dll
 0002:00000034       __imp__LeaveCriticalSection@4 10054034     kernel32:KERNEL32.dll
 0002:00000038       __imp__GetCommandLineA@0   10054038     kernel32:KERNEL32.dll
 0002:0000003c       __imp__GetVersionExA@4     1005403c     kernel32:KERNEL32.dll
 0002:00000040       __imp__GetProcessHeap@0    10054040     kernel32:KERNEL32.dll
 0002:00000044       __imp__GetCPInfo@8         10054044     kernel32:KERNEL32.dll
 0002:00000048       __imp__InterlockedIncrement@4 10054048     kernel32:KERNEL32.dll
 0002:0000004c       __imp__InterlockedDecrement@4 1005404c     kernel32:KERNEL32.dll
 0002:00000050       __imp__GetACP@0            10054050     kernel32:KERNEL32.dll
 0002:00000054       __imp__GetOEMCP@0          10054054     kernel32:KERNEL32.dll
 0002:00000058       __imp__GetProcAddress@8    10054058     kernel32:KERNEL32.dll
 0002:0000005c       __imp__GetModuleHandleA@4  1005405c     kernel32:KERNEL32.dll
 0002:00000060       __imp__TlsGetValue@4       10054060     kernel32:KERNEL32.dll
 0002:00000064       __imp__TlsAlloc@0          10054064     kernel32:KERNEL32.dll
 0002:00000068       __imp__TlsSetValue@8       10054068     kernel32:KERNEL32.dll
 0002:0000006c       __imp__TlsFree@4           1005406c     kernel32:KERNEL32.dll
 0002:00000070       __imp__SetLastError@4      10054070     kernel32:KERNEL32.dll
 0002:00000074       __imp__LCMapStringA@24     10054074     kernel32:KERNEL32.dll
 0002:00000078       __imp__WideCharToMultiByte@32 10054078     kernel32:KERNEL32.dll
 0002:0000007c       __imp__MultiByteToWideChar@24 1005407c     kernel32:KERNEL32.dll
 0002:00000080       __imp__LCMapStringW@24     10054080     kernel32:KERNEL32.dll
 0002:00000084       __imp__DeleteCriticalSection@4 10054084     kernel32:KERNEL32.dll
 0002:00000088       __imp__VirtualFree@12      10054088     kernel32:KERNEL32.dll
 0002:0000008c       __imp__VirtualAlloc@16     1005408c     kernel32:KERNEL32.dll
 0002:00000090       __imp__HeapDestroy@4       10054090     kernel32:KERNEL32.dll
 0002:00000094       __imp__HeapCreate@12       10054094     kernel32:KERNEL32.dll
 0002:00000098       __imp__ExitProcess@4       10054098     kernel32:KERNEL32.dll
 0002:0000009c       __imp__WriteFile@20        1005409c     kernel32:KERNEL32.dll
 0002:000000a0       __imp__GetStdHandle@4      100540a0     kernel32:KERNEL32.dll
 0002:000000a4       __imp__GetModuleFileNameA@12 100540a4     kernel32:KERNEL32.dll
 0002:000000a8       __imp__TerminateProcess@8  100540a8     kernel32:KERNEL32.dll
 0002:000000ac       __imp__UnhandledExceptionFilter@4 100540ac     kernel32:KERNEL32.dll
 0002:000000b0       __imp__SetUnhandledExceptionFilter@4 100540b0     kernel32:KERNEL32.dll
 0002:000000b4       __imp__IsDebuggerPresent@0 100540b4     kernel32:KERNEL32.dll
 0002:000000b8       __imp__GetConsoleCP@0      100540b8     kernel32:KERNEL32.dll
 0002:000000bc       __imp__GetConsoleMode@8    100540bc     kernel32:KERNEL32.dll
 0002:000000c0       __imp__FlushFileBuffers@4  100540c0     kernel32:KERNEL32.dll
 0002:000000c4       __imp__SetHandleCount@4    100540c4     kernel32:KERNEL32.dll
 0002:000000c8       __imp__GetFileType@4       100540c8     kernel32:KERNEL32.dll
 0002:000000cc       __imp__GetStartupInfoA@4   100540cc     kernel32:KERNEL32.dll
 0002:000000d0       __imp__SetFilePointer@16   100540d0     kernel32:KERNEL32.dll
 0002:000000d4       __imp__CloseHandle@4       100540d4     kernel32:KERNEL32.dll
 0002:000000d8       __imp__RtlUnwind@16        100540d8     kernel32:KERNEL32.dll
 0002:000000dc       __imp__FreeEnvironmentStringsA@4 100540dc     kernel32:KERNEL32.dll
 0002:000000e0       __imp__GetEnvironmentStrings@0 100540e0     kernel32:KERNEL32.dll
 0002:000000e4       __imp__FreeEnvironmentStringsW@4 100540e4     kernel32:KERNEL32.dll
 0002:000000e8       __imp__GetEnvironmentStringsW@0 100540e8     kernel32:KERNEL32.dll
 0002:000000ec       __imp__GetCurrentProcessId@0 100540ec     kernel32:KERNEL32.dll
 0002:000000f0       __imp__GetSystemTimeAsFileTime@4 100540f0     kernel32:KERNEL32.dll
 0002:000000f4       __imp__GetStringTypeA@20   100540f4     kernel32:KERNEL32.dll
 0002:000000f8       __imp__GetStringTypeW@16   100540f8     kernel32:KERNEL32.dll
 0002:000000fc       __imp__GetLocaleInfoA@16   100540fc     kernel32:KERNEL32.dll
 0002:00000100       __imp__InitializeCriticalSection@4 10054100     kernel32:KERNEL32.dll
 0002:00000104       __imp__LoadLibraryA@4      10054104     kernel32:KERNEL32.dll
 0002:00000108       __imp__WriteConsoleA@20    10054108     kernel32:KERNEL32.dll
 0002:0000010c       __imp__GetConsoleOutputCP@0 1005410c     kernel32:KERNEL32.dll
 0002:00000110       __imp__WriteConsoleW@20    10054110     kernel32:KERNEL32.dll
 0002:00000114       __imp__SetStdHandle@8      10054114     kernel32:KERNEL32.dll
 0002:00000118       __imp__ReadFile@20         10054118     kernel32:KERNEL32.dll
 0002:0000011c       __imp__CreateFileA@28      1005411c     kernel32:KERNEL32.dll
 0002:00000120       __imp__HeapSize@12         10054120     kernel32:KERNEL32.dll
 0002:00000124       __imp__SetEndOfFile@4      10054124     kernel32:KERNEL32.dll
 0002:00000128       \177KERNEL32_NULL_THUNK_DATA 10054128     kernel32:KERNEL32.dll
 0002:0000012c       __imp__JNI_CreateJavaVM@12 1005412c     jvm:jvm.dll
 0002:00000130       \177jvm_NULL_THUNK_DATA    10054130     jvm:jvm.dll
 0002:00000134       ___xc_a                    10054134     LIBCMT:crt0init.obj
 0002:00000138       ___xc_z                    10054138     LIBCMT:crt0init.obj
 0002:0000013c       ___xi_a                    1005413c     LIBCMT:crt0init.obj
 0002:00000154       ___xi_z                    10054154     LIBCMT:crt0init.obj
 0002:00000158       ___xp_a                    10054158     LIBCMT:crt0init.obj
 0002:00000164       ___xp_z                    10054164     LIBCMT:crt0init.obj
 0002:00000168       ___xt_a                    10054168     LIBCMT:crt0init.obj
 0002:0000016c       ___xt_z                    1005416c     LIBCMT:crt0init.obj
 0002:00000170       ??_C@_0N@IGPGCJGH@?1api?1service?$AA@ 10054170     ewMII.obj
 0002:00000180       ??_C@_0N@EKHMPKF@ewMIIlib?4log?$AA@ 10054180     ewMII.obj
 0002:00000190       ??_C@_0O@OMEOKBC@ewMII?4options?$AA@ 10054190     ewMII.obj
 0002:000001a0       ??_C@_0DA@MKEBFAAC@ewMII?5version?57?410?400?916?5build?5d@ 100541a0     ewMII.obj
 0002:000001d0       ??_C@_0CH@CMFJOEGO@?$CF4ld?$CF02ld?$CF02ld?5?$CF02ld?3?$CF02ld?3?$CF02ld@ 100541d0     ewMII.obj
 0002:000001f8       ??_C@_0CP@KMFJOOPD@?$DM?$CFs?$DO?5?$DMtid?$DN?$CFld?$DO?5removeSession?5ses@ 100541f8     ewMII.obj
 0002:00000228       ??_C@_0BN@FJICMGLL@?$DM?$CFs?$DO?5?$DMtid?$DN?$CFld?$DO?5ERROR?3?$CFld?0?$CFs?6?$AA@ 10054228     ewMII.obj
 0002:00000248       ??_C@_01IHBHIGKO@?0?$AA@   10054248     ewMII.obj
 0002:0000024a       ??_C@_00CNPNBAHC@?$AA@     1005424a     ewMII.obj
 0002:0000024c       ??_C@_0O@IABBFIPO@address?$DN?$CC?$CFp?$CC?6?$AA@ 1005424c     ewMII.obj
 0002:0000025c       ??_C@_0BA@GIAEKNLH@address?$DN?$CCNULL?$CC?6?$AA@ 1005425c     ewMII.obj
 0002:0000026c       ??_C@_03LABEMFEH@API?$AA@  1005426c     ewMII.obj
 0002:00000270       ??_C@_0M@KICHNAHE@allocBuffer?$AA@ 10054270     ewMII.obj
 0002:0000027c       ??_C@_07EOOHGPEI@realloc?$AA@ 1005427c     ewMII.obj
 0002:00000284       ??_C@_0L@DGAGFECJ@allBuffers?$AA@ 10054284     ewMII.obj
 0002:00000290       ??_C@_0DD@FJFFENEB@?$DM?$CFs?$DO?5?$DMtid?$DN?$CFld?$DO?5allocBuffer?5index@ 10054290     ewMII.obj
 0002:000002c4       ??_C@_03HBKNMMDM@JNI?$AA@  100542c4     ewMII.obj
 0002:000002c8       ??_C@_0P@GBJMGMMF@getApiMethodId?$AA@ 100542c8     ewMII.obj
 0002:000002d8       ??_C@_0M@BBNOPHHB@GetMethodID?$AA@ 100542d8     ewMII.obj
 0002:000002e4       ??_C@_0BD@ECBLDGNE@StringHolder?5value?$AA@ 100542e4     ewMII.obj
 0002:000002f8       ??_C@_0BD@JFADHEFE@Ljava?1lang?1String?$DL?$AA@ 100542f8     ewMII.obj
 0002:0000030c       ??_C@_0BE@LBPKMMNM@StringHolder?5?$DMinit?$DO?$AA@ 1005430c     ewMII.obj
 0002:00000320       ??_C@_0BL@HEMFGOAA@org?1omg?1CORBA?1StringHolder?$AA@ 10054320     ewMII.obj
 0002:0000033c       ??_C@_0BD@PLLCILCJ@DoubleHolder?5value?$AA@ 1005433c     ewMII.obj
 0002:00000350       ??_C@_01CKDDGHAB@D?$AA@    10054350     ewMII.obj
 0002:00000354       ??_C@_0BE@HCEPOLMA@DoubleHolder?5?$DMinit?$DO?$AA@ 10054354     ewMII.obj
 0002:00000368       ??_C@_0BL@HNDDEGPP@org?1omg?1CORBA?1DoubleHolder?$AA@ 10054368     ewMII.obj
 0002:00000384       ??_C@_0BC@DPJKDMPD@FloatHolder?5value?$AA@ 10054384     ewMII.obj
 0002:00000398       ??_C@_01BIAFAFID@F?$AA@    10054398     ewMII.obj
 0002:0000039c       ??_C@_0BD@BEINPILN@FloatHolder?5?$DMinit?$DO?$AA@ 1005439c     ewMII.obj
 0002:000003b0       ??_C@_0BK@GLMDHADH@org?1omg?1CORBA?1FloatHolder?$AA@ 100543b0     ewMII.obj
 0002:000003cc       ??_C@_0BA@PGBAJKFF@IntHolder?5value?$AA@ 100543cc     ewMII.obj
 0002:000003dc       ??_C@_01JPJNBJEM@I?$AA@    100543dc     ewMII.obj
 0002:000003e0       ??_C@_0BB@CLPBHEMG@IntHolder?5?$DMinit?$DO?$AA@ 100543e0     ewMII.obj
 0002:000003f4       ??_C@_0BI@EGNFMAPE@org?1omg?1CORBA?1IntHolder?$AA@ 100543f4     ewMII.obj
 0002:0000040c       ??_C@_0BC@NDNENDPF@ShortHolder?5value?$AA@ 1005440c     ewMII.obj
 0002:00000420       ??_C@_01CPLAODJH@S?$AA@    10054420     ewMII.obj
 0002:00000424       ??_C@_0BD@PNACBDGH@ShortHolder?5?$DMinit?$DO?$AA@ 10054424     ewMII.obj
 0002:00000438       ??_C@_0BK@NKOMOHON@org?1omg?1CORBA?1ShortHolder?$AA@ 10054438     ewMII.obj
 0002:00000454       ??_C@_0L@FLLHIFHB@GetFieldID?$AA@ 10054454     ewMII.obj
 0002:00000460       ??_C@_0BE@GFACEOFN@BooleanHolder?5value?$AA@ 10054460     ewMII.obj
 0002:00000474       ??_C@_05MFEJDJP@value?$AA@ 10054474     ewMII.obj
 0002:0000047c       ??_C@_01POHCFINO@Z?$AA@    1005447c     ewMII.obj
 0002:00000480       ??_C@_0BF@CFLJOOCA@BooleanHolder?5?$DMinit?$DO?$AA@ 10054480     ewMII.obj
 0002:00000498       ??_C@_06FALKBLGB@?$DMinit?$DO?$AA@ 10054498     ewMII.obj
 0002:000004a0       ??_C@_03GAEACAIP@?$CI?$CJV?$AA@ 100544a0     ewMII.obj
 0002:000004a4       ??_C@_0BM@PPCGFPGI@org?1omg?1CORBA?1BooleanHolder?$AA@ 100544a4     ewMII.obj
 0002:000004c0       ??_C@_0BH@BGMBEBMP@InitJniInternalHelpers?$AA@ 100544c0     ewMII.obj
 0002:000004d8       ??_C@_09MBLIIDDK@FindClass?$AA@ 100544d8     ewMII.obj
 0002:000004e4       ??_C@_0BB@FLFAIHG@java?1lang?1String?$AA@ 100544e4     ewMII.obj
 0002:000004f8       ??_C@_0BE@PEFPACLD@createBooleanHolder?$AA@ 100544f8     ewMII.obj
 0002:0000050c       ??_C@_09FKAPGGP@NewObject?$AA@ 1005450c     ewMII.obj
 0002:00000518       ??_C@_0BG@BBKHFBBE@getBooleanHolderValue?$AA@ 10054518     ewMII.obj
 0002:00000530       ??_C@_0BA@BNOCBIGH@GetBooleanField?$AA@ 10054530     ewMII.obj
 0002:00000540       ??_C@_0BA@CPPEGKHO@SetBooleanField?$AA@ 10054540     ewMII.obj
 0002:00000550       ??_C@_0N@DKHIINEE@GetCharField?$AA@ 10054550     ewMII.obj
 0002:00000560       ??_C@_0BB@GDJKEFPI@createLongHolder?$AA@ 10054560     ewMII.obj
 0002:00000574       ??_C@_0BD@CCMKPCIB@getLongHolderValue?$AA@ 10054574     ewMII.obj
 0002:00000588       ??_C@_0M@LAAAOMAB@GetIntField?$AA@ 10054588     ewMII.obj
 0002:00000594       ??_C@_0BD@NIOAMEGJ@setLongHolderValue?$AA@ 10054594     ewMII.obj
 0002:000005a8       ??_C@_0M@LPBODKIC@SetIntField?$AA@ 100545a8     ewMII.obj
 0002:000005b4       ??_C@_0N@EDNEBKMF@GetLongField?$AA@ 100545b4     ewMII.obj
 0002:000005c4       ??_C@_0N@DHGKNGIJ@SetLongField?$AA@ 100545c4     ewMII.obj
 0002:000005d4       ??_C@_0BC@IOEIMNBE@createFloatHolder?$AA@ 100545d4     ewMII.obj
 0002:000005e8       ??_C@_0BE@CJLKCEDK@getFloatHolderValue?$AA@ 100545e8     ewMII.obj
 0002:000005fc       ??_C@_0O@ENLNECGO@GetFloatField?$AA@ 100545fc     ewMII.obj
 0002:0000060c       ??_C@_0O@DCKDPBBJ@SetFloatField?$AA@ 1005460c     ewMII.obj
 0002:0000061c       ??_C@_0P@MGBEMHIL@GetDoubleField?$AA@ 1005461c     ewMII.obj
 0002:0000062c       ??_C@_0P@IAKDNKH@SetDoubleField?$AA@ 1005462c     ewMII.obj
 0002:0000063c       ??_C@_0BD@NGEHJEMP@createStringHolder?$AA@ 1005463c     ewMII.obj
 0002:00000650       ??_C@_0BF@IJGLLCKC@getStringHolderValue?$AA@ 10054650     ewMII.obj
 0002:00000668       ??_C@_0P@NGFPBMPI@GetObjectField?$AA@ 10054668     ewMII.obj
 0002:00000678       ??_C@_0BF@NAHGKEPF@setStringHolderValue?$AA@ 10054678     ewMII.obj
 0002:00000690       ??_C@_0P@BIEBOGNE@SetObjectField?$AA@ 10054690     ewMII.obj
 0002:000006a0       ??_C@_0BD@BGKNNHGN@createObjectHolder?$AA@ 100546a0     ewMII.obj
 0002:000006b4       ??_C@_0BC@BPDKICCJ@classNameOfHolder?$AA@ 100546b4     ewMII.obj
 0002:000006c8       ??_C@_0BF@GFKCALLP@getObjectHolderValue?$AA@ 100546c8     ewMII.obj
 0002:000006e0       ??_C@_0P@NDOJPFLH@GetObjectClass?$AA@ 100546e0     ewMII.obj
 0002:000006f0       ??_C@_0N@KNDJLLFD@holderObject?$AA@ 100546f0     ewMII.obj
 0002:00000700       ??_C@_0BC@EPAFNENP@createArrayHolder?$AA@ 10054700     ewMII.obj
 0002:00000714       ??_C@_0BE@DAMNBNHJ@getArrayHolderValue?$AA@ 10054714     ewMII.obj
 0002:00000728       ??_C@_0BE@JOOGFNAF@setArrayHolderValue?$AA@ 10054728     ewMII.obj
 0002:0000073c       ??_C@_0N@EFMECKJM@getArraySize?$AA@ 1005473c     ewMII.obj
 0002:0000074c       ??_C@_0P@KJGLIDCM@GetArrayLength?$AA@ 1005474c     ewMII.obj
 0002:0000075c       ??_C@_0BC@MADJIKFB@createStringArray?$AA@ 1005475c     ewMII.obj
 0002:00000770       ??_C@_0P@CNKIGBBL@NewObjectArray?$AA@ 10054770     ewMII.obj
 0002:00000780       ??_C@_0BG@EPNLBFDC@getStringArrayElement?$AA@ 10054780     ewMII.obj
 0002:00000798       ??_C@_0BG@KEKOCCJB@GetObjectArrayElement?$AA@ 10054798     ewMII.obj
 0002:000007b0       ??_C@_0BG@LKINMMHD@setStringArrayElement?$AA@ 100547b0     ewMII.obj
 0002:000007c8       ??_C@_0BG@FBPIPLNA@SetObjectArrayElement?$AA@ 100547c8     ewMII.obj
 0002:000007e0       ??_C@_06GLDDLHNF@malloc?$AA@ 100547e0     ewMII.obj
 0002:000007e8       ??_C@_0BC@EHPOKILG@createStructArray?$AA@ 100547e8     ewMII.obj
 0002:000007fc       ??_C@_0BG@OIADJDNP@getStructArrayElement?$AA@ 100547fc     ewMII.obj
 0002:00000814       ??_C@_0BG@BNFFEKJO@setStructArrayElement?$AA@ 10054814     ewMII.obj
 0002:0000082c       ??_C@_0N@PNJOOPMD@createStruct?$AA@ 1005482c     ewMII.obj
 0002:0000083c       ??_C@_0BF@GCCBHCHK@getStructBooleanAttr?$AA@ 1005483c     ewMII.obj
 0002:00000854       ??_C@_0N@COEJOMO@structObject?$AA@ 10054854     ewMII.obj
 0002:00000864       ??_C@_0BF@DLDMGECN@setStructBooleanAttr?$AA@ 10054864     ewMII.obj
 0002:0000087c       ??_C@_01GFHCPBMG@C?$AA@    1005487c     ewMII.obj
 0002:00000880       ??_C@_0BC@GOOKBMOC@getStructCharAttr?$AA@ 10054880     ewMII.obj
 0002:00000894       ??_C@_0BC@BOMFDJOL@getStructLongAttr?$AA@ 10054894     ewMII.obj
 0002:000008a8       ??_C@_0BC@DLMOLCPF@setStructLongAttr?$AA@ 100548a8     ewMII.obj
 0002:000008bc       ??_C@_01LELAEKIP@J?$AA@    100548bc     ewMII.obj
 0002:000008c0       ??_C@_0BG@OJFCABAG@getStructLongLongAttr?$AA@ 100548c0     ewMII.obj
 0002:000008d8       ??_C@_0BG@BMAENIEH@setStructLongLongAttr?$AA@ 100548d8     ewMII.obj
 0002:000008f0       ??_C@_0BD@JCOBKBEP@getStructFloatAttr?$AA@ 100548f0     ewMII.obj
 0002:00000904       ??_C@_0BD@GIMLJHKH@setStructFloatAttr?$AA@ 10054904     ewMII.obj
 0002:00000918       ??_C@_0BE@FKICLFNH@getStructDoubleAttr?$AA@ 10054918     ewMII.obj
 0002:0000092c       ??_C@_0BE@PEKJPFKL@setStructDoubleAttr?$AA@ 1005492c     ewMII.obj
 0002:00000940       ??_C@_0BE@OBFNNPDN@getStructStringAttr?$AA@ 10054940     ewMII.obj
 0002:00000954       ??_C@_0BE@EPHGJPEB@setStructStringAttr?$AA@ 10054954     ewMII.obj
 0002:00000968       ??_C@_0BM@NKCCJKDO@createJavaStringFromCString?$AA@ 10054968     ewMII.obj
 0002:00000984       ??_C@_0N@PHJGBMEP@NewStringUTF?$AA@ 10054984     ewMII.obj
 0002:00000994       ??_C@_0BJ@HAIBHJBB@getCStringFromJavaString?$AA@ 10054994     ewMII.obj
 0002:000009b0       ??_C@_0BC@EDLHHKLL@GetStringUTFChars?$AA@ 100549b0     ewMII.obj
 0002:000009c4       ??_C@_0BC@CAKJCMBP@releaseJavaString?$AA@ 100549c4     ewMII.obj
 0002:000009d8       ??_C@_0BG@CNECBEKD@ReleaseStringUTFChars?$AA@ 100549d8     ewMII.obj
 0002:000009f0       ??_C@_0P@KBFBPNI@callVoidMethod?$AA@ 100549f0     ewMII.obj
 0002:00000a00       ??_C@_0BA@HDNMMOFG@CallVoidMethodV?$AA@ 10054a00     ewMII.obj
 0002:00000a10       ??_C@_0P@KMKCOJLN@callLongMethod?$AA@ 10054a10     ewMII.obj
 0002:00000a20       ??_C@_0BA@EOKCOMHH@CallLongMethodV?$AA@ 10054a20     ewMII.obj
 0002:00000a30       ??_C@_0CD@GFNEALNO@?$DM?$CFs?$DO?5?$DMtid?$DN?$CFld?$DO?5enter?5fktName?$DN?$CC?$CFs@ 10054a30     ewMII.obj
 0002:00000a58       ??_C@_0GG@MFLKKBEC@?$DM?$CFs?$DO?5?$DMtid?$DN?$CFld?$DO?5exit?5?5fktName?$DN?$CC?$CFs@ 10054a58     ewMII.obj
 0002:00000ac0       ??_C@_0N@MCIFILNM@addSessionId?$AA@ 10054ac0     ewMII.obj
 0002:00000ad0       ??_C@_0DA@BPCPFJJI@max?5number?5of?5parallel?5session?5?$CI@ 10054ad0     ewMII.obj
 0002:00000b00       ??_C@_0CM@ICMIPJEE@?$DM?$CFs?$DO?5?$DMtid?$DN?$CFld?$DO?5addSession?5sessio@ 10054b00     ewMII.obj
 0002:00000b2c       ??_C@_06BDNKAGCA@initVM?$AA@ 10054b2c     ewMII.obj
 0002:00000b34       ??_C@_0BB@IDHJDMHA@JNI_CreateJavaVM?$AA@ 10054b34     ewMII.obj
 0002:00000b48       ??_C@_0EI@KINIGGKP@?9Ditac?4mainclass?$DNcom?4itac?4easywo@ 10054b48     ewMII.obj
 0002:00000b90       ??_C@_0BF@BONPHBJN@CallStaticVoidMethod?$AA@ 10054b90     ewMII.obj
 0002:00000ba8       ??_C@_05GKHIDOIJ@ewMII?$AA@ 10054ba8     ewMII.obj
 0002:00000bb0       ??_C@_0BC@MJDCJNCH@GetStaticMethodID?$AA@ 10054bb0     ewMII.obj
 0002:00000bc4       ??_C@_04HKFDNBLD@init?$AA@ 10054bc4     ewMII.obj
 0002:00000bcc       ??_C@_0BG@IKDDPPGD@?$CILjava?1lang?1String?$DL?$CJV?$AA@ 10054bcc     ewMII.obj
 0002:00000be4       ??_C@_03MLIHNEFJ@LOG?$AA@  10054be4     ewMII.obj
 0002:00000be8       ??_C@_0BA@OIEAKGJN@initJavaLogging?$AA@ 10054be8     ewMII.obj
 0002:00000bf8       ??_C@_0CB@HKJIDMKO@com?1itac?1util?1logging?1LogHandler@ 10054bf8     ewMII.obj
 0002:00000c1c       ??_C@_0BL@ELAPHGOA@?9Ditac?4ewmii?4service?4name?$DN?$AA@ 10054c1c     ewMII.obj
 0002:00000c38       ??_C@_04LOAJBDKD@true?$AA@ 10054c38     ewMII.obj
 0002:00000c40       ??_C@_0BE@GECFFBGE@?9Ditac?4ewmii?4debug?$DN?$AA@ 10054c40     ewMII.obj
 0002:00000c54       ??_C@_01NEMOKFLO@?$DN?$AA@ 10054c54     ewMII.obj
 0002:00000c58       ??_C@_0BK@KMBPMHDL@?9Ditac?4ewmii?4logfilepath?$DN?$AA@ 10054c58     ewMII.obj
 0002:00000c74       ??_C@_03DGODMHAK@psz?$AA@  10054c74     ewMII.obj
 0002:00000c78       ??_C@_09GNNLJMPE@noOptions?$AA@ 10054c78     ewMII.obj
 0002:00000c84       ??_C@_09HHFEHFGO@vmOptions?$AA@ 10054c84     ewMII.obj
 0002:00000c90       ??_C@_06HOHPNJLC@buffer?$AA@ 10054c90     ewMII.obj
 0002:00000c98       ??_C@_0BA@MBDKCNEG@readOptionsFile?$AA@ 10054c98     ewMII.obj
 0002:00000ca8       ??_C@_05FFKPLNPJ@fopen?$AA@ 10054ca8     ewMII.obj
 0002:00000cb0       ??_C@_0BA@KOFKBPGE@optionsFilePath?$AA@ 10054cb0     ewMII.obj
 0002:00000cc0       ??_C@_01KDCPPGHE@r?$AA@    10054cc0     ewMII.obj
 0002:00000cc4       ??_C@_0BO@GDPMEHC@?$DM?$CFs?$DO?5?$DMtid?$DN?$CFld?$DO?5option?5?$CFd?3?5?$CFs?6?$AA@ 10054cc4     ewMII.obj
 0002:00000ce4       ??_C@_0CG@MEJFEFIL@?$DM?$CFs?$DO?5?$DMtid?$DN?$CFld?$DO?5Used?5options?5file@ 10054ce4     ewMII.obj
 0002:00000d0c       ??_C@_0CO@PEAKEJKM@?$DM?$CFs?$DO?5?$DMtid?$DN?$CFld?$DO?5Current?5working?5d@ 10054d0c     ewMII.obj
 0002:00000d3c       ??_C@_0CL@GBIMHBAJ@?$DM?$CFs?$DO?5?$DMtid?$DN?$CFld?$DO?5Native?5logging?5in@ 10054d3c     ewMII.obj
 0002:00000d68       ??_C@_0BD@FAJDKAGK@initLibraryLogging?$AA@ 10054d68     ewMII.obj
 0002:00000d7c       ??_C@_02DPNLHKJD@a?$CL?$AA@ 10054d7c     ewMII.obj
 0002:00000d80       ??_C@_06DJDOIFHB@stdout?$AA@ 10054d80     ewMII.obj
 0002:00000d88       ??_C@_0BC@LKDOJOEN@sessionId?5invalid?$AA@ 10054d88     ewMII.obj
 0002:00000d9c       ??_C@_08JJOBLFKH@apiLogin?$AA@ 10054d9c     ewMII.obj
 0002:00000da8       ??_C@_0M@OJCACKFA@preFktCheck?$AA@ 10054da8     ewMII.obj
 0002:00000db4       ??_C@_0BL@BHOLPJNP@library?5is?5not?5initialized?$AA@ 10054db4     ewMII.obj
 0002:00000dd0       ??_C@_01EEMJAFIK@?6?$AA@   10054dd0     ewMII.obj
 0002:00000dd4       ??_C@_0BB@FFOMHKKA@CallObjectMethod?$AA@ 10054dd4     ewMII.obj
 0002:00000de8       ??_C@_03EMPMHNDF@ART?$AA@  10054de8     ewMII.obj
 0002:00000dec       ??_C@_0BC@OJHJOPEP@IhapLocatorObject?$AA@ 10054dec     ewMII.obj
 0002:00000e00       ??_C@_08FIACBBDA@shutdown?$AA@ 10054e00     ewMII.obj
 0002:00000e0c       ??_C@_0CD@IHNKLLHG@library?5initialization?5in?5progre@ 10054e0c     ewMII.obj
 0002:00000e30       ??_C@_0M@CHAIBMHM@apiShutdown?$AA@ 10054e30     ewMII.obj
 0002:00000e3c       ??_C@_0CN@JLDIJPJO@?$DM?$CFs?$DO?5?$DMtid?$DN?$CFld?$DO?5Shutdown?5ewMII?5AR@ 10054e3c     ewMII.obj
 0002:00000e6c       ??_C@_0CO@GNJNLCBG@?$DM?$CFs?$DO?5?$DMtid?$DN?$CFld?$DO?5free?5address?$DN?$CC?$CFp?$CC@ 10054e6c     ewMII.obj
 0002:00000e9c       ??_C@_09FBJJJEPH@deleteRef?$AA@ 10054e9c     ewMII.obj
 0002:00000ea8       ??_C@_0P@DFLOMFLG@DeleteLocalRef?$AA@ 10054ea8     ewMII.obj
 0002:00000eb8       ??_C@_0P@KKGCDGJB@apiFreeBuffers?$AA@ 10054eb8     ewMII.obj
 0002:00000ec8       ??_C@_0CI@JPGGHKPB@numBuffers?$DN?$CC?$CFld?$CC?5allBuffersBytes@ 10054ec8     ewMII.obj
 0002:00000ef0       ??_C@_0CL@PIIHJCHA@?$DM?$CFs?$DO?5?$DMtid?$DN?$CFld?$DO?5Initialize?5JNI?5ap@ 10054ef0     ewMII.obj
 0002:00000f1c       ??_C@_0CH@KAMBCEFH@?$DM?$CFs?$DO?5?$DMtid?$DN?$CFld?$DO?5Initialize?5JNI?5he@ 10054f1c     ewMII.obj
 0002:00000f44       ??_C@_0BK@OGDFOHEJ@EWMIIApiClibMapper?5?$DMinit?$DO?$AA@ 10054f44     ewMII.obj
 0002:00000f60       ??_C@_0CL@OGLNNGHI@?$CILcom?1itac?1mes?1api?1domain?1EWApiS@ 10054f60     ewMII.obj
 0002:00000f8c       ??_C@_0CL@KPKFIFHG@com?1itac?1mes?1client?1api?1EWMIIApi@ 10054f8c     ewMII.obj
 0002:00000fb8       ??_C@_0CF@JDGPAFGN@com?1itac?1mes?1api?1domain?1EWApiSer@ 10054fb8     ewMII.obj
 0002:00000fe0       ??_C@_0CG@DHICFINF@com?1itac?1mes?1api?1domain?1EWApiSer@ 10054fe0     ewMII.obj
 0002:00001008       ??_C@_06FNGHPIEM@lookup?$AA@ 10055008     ewMII.obj
 0002:00001010       ??_C@_0DI@LBGBHBD@?$CILjava?1lang?1Class?$DLLjava?1lang?1Str@ 10055010     ewMII.obj
 0002:00001048       ??_C@_0BH@FMELKLIP@CallStaticObjectMethod?$AA@ 10055048     ewMII.obj
 0002:00001060       ??_C@_0L@OEDHPIEA@getLocator?$AA@ 10055060     ewMII.obj
 0002:0000106c       ??_C@_0CE@KMCGFOHD@?$CI?$CJLcom?1itac?1artes?1ihap?1IhapLocat@ 1005506c     ewMII.obj
 0002:00001090       ??_C@_0BA@BKIPDCJM@initIhapLocator?$AA@ 10055090     ewMII.obj
 0002:000010a0       ??_C@_0CD@KGAFLEEI@com?1itac?1artes?1ihap?1LocatorFacto@ 100550a0     ewMII.obj
 0002:000010c4       ??_C@_0DP@CPFLGPOC@?$DM?$CFs?$DO?5?$DMtid?$DN?$CFld?$DO?5Initialize?5iTAC?5A@ 100550c4     ewMII.obj
 0002:00001104       ??_C@_0CJ@OJOAHFNN@?$DM?$CFs?$DO?5?$DMtid?$DN?$CFld?$DO?5Initialize?5java?5l@ 10055104     ewMII.obj
 0002:00001130       ??_C@_03OFAPEBGM@?$CFs?6?$AA@ 10055130     ewMII.obj
 0002:00001134       ??_C@_0BP@CEOAPGGJ@library?5is?5already?5initialized?$AA@ 10055134     ewMII.obj
 0002:00001154       ??_C@_0O@NJJAFKPE@version?$DN?$CC?$CFs?$CC?6?$AA@ 10055154     ewMII.obj
 0002:00001164       ??_C@_07MHEAPIFP@apiInit?$AA@ 10055164     ewMII.obj
 0002:0000116c       ??_C@_0CM@GGNEIGNO@current?5working?5directory?5can?8t?5@ 1005516c     ewMII.obj
 0002:00001198       ??_C@_0BH@HHFHJKOL@equGetReportedQuantity?$AA@ 10055198     ewMIIFunctions.obj
 0002:000011b0       ??_C@_0KA@IINEOFBM@?$CILjava?1lang?1String?$DLJJLjava?1lang?1@ 100551b0     ewMIIFunctions.obj
 0002:00001250       ??_C@_0BC@DDJIBIPP@equReportQuantity?$AA@ 10055250     ewMIIFunctions.obj
 0002:00001268       ??_C@_0FO@GLLOINEH@?$CILjava?1lang?1String?$DL?$FLLcom?1itac?1ea@ 10055268     ewMIIFunctions.obj
 0002:000012c8       ??_C@_0BA@LGIDECCD@lockMaterialBin?$AA@ 100552c8     ewMIIFunctions.obj
 0002:000012d8       ??_C@_0BA@EEDLIGEN@identifyPoolSnr?$AA@ 100552d8     ewMIIFunctions.obj
 0002:000012e8       ??_C@_08JAKOEKJE@getPools?$AA@ 100552e8     ewMIIFunctions.obj
 0002:000012f8       ??_C@_0ID@BNOHNHLL@?$CILjava?1lang?1String?$DLLjava?1lang?1St@ 100552f8     ewMIIFunctions.obj
 0002:0000137c       ??_C@_0L@HMFGCFFO@getPoolSnr?$AA@ 1005537c     ewMIIFunctions.obj
 0002:00001388       ??_C@_0MC@DCPBGJLD@?$CILjava?1lang?1String?$DLLjava?1lang?1St@ 10055388     ewMIIFunctions.obj
 0002:0000144c       ??_C@_0M@FPLFNJDB@getPoolInfo?$AA@ 1005544c     ewMIIFunctions.obj
 0002:00001458       ??_C@_0BIB@GPOCLGIN@?$CILjava?1lang?1String?$DLLjava?1lang?1St@ 10055458     ewMIIFunctions.obj
 0002:000015dc       ??_C@_0O@NKDLPKMC@deleteSnrPool?$AA@ 100555dc     ewMIIFunctions.obj
 0002:000015ec       ??_C@_0O@FLPCLJJD@createSnrPool?$AA@ 100555ec     ewMIIFunctions.obj
 0002:000015fc       ??_C@_0BA@KOEJAAKN@addSnrToSnrPool?$AA@ 100555fc     ewMIIFunctions.obj
 0002:00001610       ??_C@_0KH@LDJFABFL@?$CILjava?1lang?1String?$DLLjava?1lang?1St@ 10055610     ewMIIFunctions.obj
 0002:000016b8       ??_C@_0BF@NKHCJMGB@removeSnrFromSnrPool?$AA@ 100556b8     ewMIIFunctions.obj
 0002:000016d0       ??_C@_0BM@CKJCADBL@mlChangeMaterialBinQuantity?$AA@ 100556d0     ewMIIFunctions.obj
 0002:000016f0       ??_C@_0HO@LEHMKEBE@?$CILjava?1lang?1String?$DLLjava?1lang?1St@ 100556f0     ewMIIFunctions.obj
 0002:00001770       ??_C@_0BG@JNAKLLNC@mlSetMaterialBinState?$AA@ 10055770     ewMIIFunctions.obj
 0002:00001788       ??_C@_0FH@LJKBAPAK@?$CILjava?1lang?1String?$DLLjava?1lang?1St@ 10055788     ewMIIFunctions.obj
 0002:000017e0       ??_C@_0BJ@FMJOJBPN@mlSetMaterialBinLocation?$AA@ 100557e0     ewMIIFunctions.obj
 0002:000017fc       ??_C@_0BH@OJPIOJON@mlCreateNewMaterialBin?$AA@ 100557fc     ewMIIFunctions.obj
 0002:00001818       ??_C@_0PN@PMCHDMEJ@?$CILjava?1lang?1String?$DLLjava?1lang?1St@ 10055818     ewMIIFunctions.obj
 0002:00001918       ??_C@_0BN@FOAKHCEG@trGetSerialNumberLockHistory?$AA@ 10055918     ewMIIFunctions.obj
 0002:00001938       ??_C@_0LA@OIPHOCLD@?$CILjava?1lang?1String?$DLLjava?1lang?1St@ 10055938     ewMIIFunctions.obj
 0002:000019e8       ??_C@_0BJ@KLBFFLMC@trGetLockedSerialNumbers?$AA@ 100559e8     ewMIIFunctions.obj
 0002:00001a08       ??_C@_0IP@NKMCEDPJ@?$CILjava?1lang?1String?$DLIILjava?1lang?1@ 10055a08     ewMIIFunctions.obj
 0002:00001a98       ??_C@_0BG@EKGHKOGO@trUnlockSerialNumbers?$AA@ 10055a98     ewMIIFunctions.obj
 0002:00001ab0       ??_C@_0IF@NEPCBMKG@?$CILjava?1lang?1String?$DLILjava?1lang?1S@ 10055ab0     ewMIIFunctions.obj
 0002:00001b38       ??_C@_0BE@EHEDGPOO@trLockSerialNumbers?$AA@ 10055b38     ewMIIFunctions.obj
 0002:00001b50       ??_C@_0IE@KCHFPMDD@?$CILjava?1lang?1String?$DLLjava?1lang?1St@ 10055b50     ewMIIFunctions.obj
 0002:00001bd4       ??_C@_0P@DMLMNCNC@customFunction?$AA@ 10055bd4     ewMIIFunctions.obj
 0002:00001be8       ??_C@_0HD@HMCBNDKD@?$CILjava?1lang?1String?$DL?$FLLjava?1lang?1S@ 10055be8     ewMIIFunctions.obj
 0002:00001c5c       ??_C@_0P@FLMCCLIA@mdataBomVerify?$AA@ 10055c5c     ewMIIFunctions.obj
 0002:00001c70       ??_C@_0NG@GJOLPEPK@?$CILjava?1lang?1String?$DLILjava?1lang?1S@ 10055c70     ewMIIFunctions.obj
 0002:00001d48       ??_C@_0BD@LNIJDCLJ@registerUserAtLine?$AA@ 10055d48     ewMIIFunctions.obj
 0002:00001d60       ??_C@_0FH@LBHJOBKC@?$CILjava?1lang?1String?$DLLjava?1lang?1St@ 10055d60     ewMIIFunctions.obj
 0002:00001db8       ??_C@_0BM@NICADMKK@getMaterialBinsForAttribute?$AA@ 10055db8     ewMIIFunctions.obj
 0002:00001dd4       ??_C@_0BF@EPFMKKHO@mdcGetConditionCodes?$AA@ 10055dd4     ewMIIFunctions.obj
 0002:00001df0       ??_C@_0GL@CLHGLEHE@?$CILjava?1lang?1String?$DLILcom?1itac?1ea@ 10055df0     ewMIIFunctions.obj
 0002:00001e5c       ??_C@_0BH@GCNFNKPB@setProductionCycleTime?$AA@ 10055e5c     ewMIIFunctions.obj
 0002:00001e74       ??_C@_0BC@CIPECAJA@setSetupCycleTime?$AA@ 10055e74     ewMIIFunctions.obj
 0002:00001e88       ??_C@_09KLFGKFA@mdcGetLog?$AA@ 10055e88     ewMIIFunctions.obj
 0002:00001e98       ??_C@_0GC@PPBCBLAA@?$CILjava?1lang?1String?$DLIILcom?1itac?1e@ 10055e98     ewMIIFunctions.obj
 0002:00001efc       ??_C@_0N@DMLADLHP@mdcCreateLog?$AA@ 10055efc     ewMIIFunctions.obj
 0002:00001f10       ??_C@_0FJ@MCKAMCPE@?$CILjava?1lang?1String?$DLIILjava?1lang?1@ 10055f10     ewMIIFunctions.obj
 0002:00001f6c       ??_C@_0BG@BFJBCOKJ@mdcGetStationMessages?$AA@ 10055f6c     ewMIIFunctions.obj
 0002:00001f88       ??_C@_0GG@NMILBPED@?$CILjava?1lang?1String?$DLIILcom?1itac?1e@ 10055f88     ewMIIFunctions.obj
 0002:00001ff0       ??_C@_0BI@OCHPMOEO@mdcGetStationConditions?$AA@ 10055ff0     ewMIIFunctions.obj
 0002:00002008       ??_C@_0GI@FIHLODCD@?$CILjava?1lang?1String?$DLIILcom?1itac?1e@ 10056008     ewMIIFunctions.obj
 0002:00002070       ??_C@_0BK@IKHAFALJ@mdcUploadStationCondition?$AA@ 10056070     ewMIIFunctions.obj
 0002:00002090       ??_C@_0FJ@LDBDNJ@?$CILjava?1lang?1String?$DLLjava?1lang?1St@ 10056090     ewMIIFunctions.obj
 0002:000020ec       ??_C@_0CC@JGJFDJFH@changeMatBinForSerialNumberRepai@ 100560ec     ewMIIFunctions.obj
 0002:00002110       ??_C@_0IO@JEFGNIOM@?$CILjava?1lang?1String?$DLILjava?1lang?1S@ 10056110     ewMIIFunctions.obj
 0002:000021a0       ??_C@_0BB@HENBGMOB@mergeMaterialBin?$AA@ 100561a0     ewMIIFunctions.obj
 0002:000021b8       ??_C@_0IF@MMCIDBON@?$CILjava?1lang?1String?$DLLjava?1lang?1St@ 100561b8     ewMIIFunctions.obj
 0002:00002240       ??_C@_0O@PHNFGCMH@getBoxContent?$AA@ 10056240     ewMIIFunctions.obj
 0002:00002250       ??_C@_0BA@CEIDFBNM@createAttribute?$AA@ 10056250     ewMIIFunctions.obj
 0002:00002260       ??_C@_0BP@JDGOJFDB@checkMergedPartsForSnrComplete?$AA@ 10056260     ewMIIFunctions.obj
 0002:00002280       ??_C@_0HI@NNACMDHD@?$CILjava?1lang?1String?$DLLjava?1lang?1St@ 10056280     ewMIIFunctions.obj
 0002:000022f8       ??_C@_0P@EKKGLAGK@getMergedUnits?$AA@ 100562f8     ewMIIFunctions.obj
 0002:00002308       ??_C@_0HJ@KIHLNIDN@?$CILjava?1lang?1String?$DLLjava?1lang?1St@ 10056308     ewMIIFunctions.obj
 0002:00002384       ??_C@_0BO@MGLDBEED@getSnrForWorkorderAndWorkstep?$AA@ 10056384     ewMIIFunctions.obj
 0002:000023a8       ??_C@_0IG@GFDHIBMJ@?$CILjava?1lang?1String?$DLILjava?1lang?1S@ 100563a8     ewMIIFunctions.obj
 0002:00002430       ??_C@_0BD@LIJCECGA@getRegisteredBatch?$AA@ 10056430     ewMIIFunctions.obj
 0002:00002448       ??_C@_0IB@BODNLMNM@?$CILjava?1lang?1String?$DLILorg?1omg?1COR@ 10056448     ewMIIFunctions.obj
 0002:000024cc       ??_C@_0L@CJCNCM@mergeBatch?$AA@ 100564cc     ewMIIFunctions.obj
 0002:000024d8       ??_C@_0BL@NNBBJHGP@splitBatchNoToSerialNumber?$AA@ 100564d8     ewMIIFunctions.obj
 0002:000024f8       ??_C@_0GM@GEGGGPNL@?$CILjava?1lang?1String?$DLLjava?1lang?1St@ 100564f8     ewMIIFunctions.obj
 0002:00002564       ??_C@_0BA@MAFPCBLE@unregisterBatch?$AA@ 10056564     ewMIIFunctions.obj
 0002:00002578       ??_C@_0EH@KDBOECJO@?$CILjava?1lang?1String?$DLLjava?1lang?1St@ 10056578     ewMIIFunctions.obj
 0002:000025c0       ??_C@_0O@PHCNCALP@registerBatch?$AA@ 100565c0     ewMIIFunctions.obj
 0002:000025d0       ??_C@_0BJ@CBJHCILI@assignBatchNoToWorkorder?$AA@ 100565d0     ewMIIFunctions.obj
 0002:000025f0       ??_C@_0HN@IMOCJIBN@?$CILjava?1lang?1String?$DLLjava?1lang?1St@ 100565f0     ewMIIFunctions.obj
 0002:00002670       ??_C@_0BF@FEOOKOCA@smtSerialNumberSetup?$AA@ 10056670     ewMIIFunctions.obj
 0002:00002688       ??_C@_0BE@HGEOGIH@smtSetupPreparation?$AA@ 10056688     ewMIIFunctions.obj
 0002:0000269c       ??_C@_0O@DLDLEMH@smtEventSetup?$AA@ 1005669c     ewMIIFunctions.obj
 0002:000026ac       ??_C@_0P@LMMOCCC@smtConsumption?$AA@ 100566ac     ewMIIFunctions.obj
 0002:000026c0       ??_C@_0BDN@NJEIKIK@?$CILjava?1lang?1String?$DLILjava?1lang?1S@ 100566c0     ewMIIFunctions.obj
 0002:00002800       ??_C@_0BJ@ONBPKDJJ@getCompleteMaterialSetup?$AA@ 10056800     ewMIIFunctions.obj
 0002:00002820       ??_C@_0LN@OEBLDJFH@?$CILjava?1lang?1String?$DLIILorg?1omg?1CO@ 10056820     ewMIIFunctions.obj
 0002:000028e0       ??_C@_0CB@DLBLGBMM@getNextBookingForStationAndLayer@ 100568e0     ewMIIFunctions.obj
 0002:00002908       ??_C@_0EN@IHHKPHOC@?$CILjava?1lang?1String?$DLIILorg?1omg?1CO@ 10056908     ewMIIFunctions.obj
 0002:00002958       ??_C@_0BL@GFIOEBLA@updateMaterialSetupHistory?$AA@ 10056958     ewMIIFunctions.obj
 0002:00002974       ??_C@_0BB@JCCEOFAP@changeFeederBank?$AA@ 10056974     ewMIIFunctions.obj
 0002:00002988       ??_C@_0BE@DNDAEPAC@updateMaterialSetup?$AA@ 10056988     ewMIIFunctions.obj
 0002:000029a0       ??_C@_0KA@GLCLFPCJ@?$CILjava?1lang?1String?$DLILcom?1itac?1ea@ 100569a0     ewMIIFunctions.obj
 0002:00002a40       ??_C@_0BB@BGNDHMJH@getPlacementName?$AA@ 10056a40     ewMIIFunctions.obj
 0002:00002a54       ??_C@_0BN@BJDJEJGJ@uploadMaterialBinBookingsExt?$AA@ 10056a54     ewMIIFunctions.obj
 0002:00002a78       ??_C@_0HA@COKHEKOO@?$CILjava?1lang?1String?$DLLcom?1itac?1eas@ 10056a78     ewMIIFunctions.obj
 0002:00002ae8       ??_C@_0BN@DEAOIBDI@getResultDataForSerialNumber?$AA@ 10056ae8     ewMIIFunctions.obj
 0002:00002b08       ??_C@_0KF@INAGKFBP@?$CILjava?1lang?1String?$DLILjava?1lang?1S@ 10056b08     ewMIIFunctions.obj
 0002:00002bb0       ??_C@_0CC@CINEKGHJ@getFailureSlipDataForSerialNumbe@ 10056bb0     ewMIIFunctions.obj
 0002:00002bd8       ??_C@_0HP@MKEGKGJP@?$CILjava?1lang?1String?$DLILjava?1lang?1S@ 10056bd8     ewMIIFunctions.obj
 0002:00002c58       ??_C@_0BO@LKGGAEBM@getFailureDataForSerialNumber?$AA@ 10056c58     ewMIIFunctions.obj
 0002:00002c78       ??_C@_0HK@JJCECFGL@?$CILjava?1lang?1String?$DLILjava?1lang?1S@ 10056c78     ewMIIFunctions.obj
 0002:00002cf4       ??_C@_0BI@DEOLHGLL@getFailureTypForStation?$AA@ 10056cf4     ewMIIFunctions.obj
 0002:00002d10       ??_C@_0GI@EBAIMABI@?$CILjava?1lang?1String?$DLLcom?1itac?1eas@ 10056d10     ewMIIFunctions.obj
 0002:00002d78       ??_C@_0BK@NKGPHLFD@getFailureCauseForStation?$AA@ 10056d78     ewMIIFunctions.obj
 0002:00002d98       ??_C@_0GK@NLBGAIDM@?$CILjava?1lang?1String?$DLLcom?1itac?1eas@ 10056d98     ewMIIFunctions.obj
 0002:00002e04       ??_C@_0BM@IPHCEKGA@removeEquipmentForWorkorder?$AA@ 10056e04     ewMIIFunctions.obj
 0002:00002e20       ??_C@_0BD@KKBEIOCJ@checkEquipmentData?$AA@ 10056e20     ewMIIFunctions.obj
 0002:00002e38       ??_C@_0JC@NBKKEGEM@?$CILjava?1lang?1String?$DLLjava?1lang?1St@ 10056e38     ewMIIFunctions.obj
 0002:00002ecc       ??_C@_0BJ@DCPIELEH@getRequiredEquipmentData?$AA@ 10056ecc     ewMIIFunctions.obj
 0002:00002ee8       ??_C@_0KD@EENOGFMC@?$CILjava?1lang?1String?$DLLjava?1lang?1St@ 10056ee8     ewMIIFunctions.obj
[...]
 0003:00001a08       ___lconv_static_null       10066a08     LIBCMT:lconv.obj
 0003:00001a10       ?__pInconsistency@@3P6AXXZA 10066a10     LIBCMT:hooks.obj
 0003:00001a34       ___pPurecall               10066a34     LIBCMT:inithelp.obj
 0003:00001a50       __outputformat             10066a50     LIBCMT:outputformat.obj
 0003:00001a54       __commode                  10066a54     LIBCMT:ncommode.obj
 0003:00001e38       __fmode                    10066e38     LIBCMT:txtmode.obj
 0003:00001e3c       _m_getSerialNumberBySnrRef 10066e3c     <common>
 0003:00001e40       _m_getSnrHistoryData       10066e40     <common>
 0003:00001e44       _m_setWorkOrderFromSerialNumber 10066e44     <common>
 0003:00001e48       _m_shipGetSnrDataForShippingLot 10066e48     <common>
 0003:00001e4c       _m_updateMaterialSetup     10066e4c     <common>
 0003:00001e50       _m_trLockSerialNumbers     10066e50     <common>
 0003:00001e54       _m_getRegisteredUser       10066e54     <common>
 0003:00001e58       _m_uploadStateAndFailData  10066e58     <common>
 0003:00001e5c       _m_apiLogin                10066e5c     <common>
 0003:00001e60       _m_shipAddSnrToShippingLot 10066e60     <common>
 0003:00001e64       _m_getBomItems             10066e64     <common>
 0003:00001e68       _m_checkEquipmentData      10066e68     <common>
 0003:00001e6c       _m_shipRemoveChildLotFromLot 10066e6c     <common>
 0003:00001e70       _m_shipAddChildLotToParentLot 10066e70     <common>
 0003:00001e74       _m_mlCreateNewMaterialBin  10066e74     <common>
 0003:00001e78       _m_bomCheckForWorkorder    10066e78     <common>
 0003:00001e7c       _m_getMaterialSetupDataForKapAndPeriod 10066e7c     <common>
 0003:00001e80       _m_updateMaterialSetupHistory 10066e80     <common>
 0003:00001e84       _m_getCurrentMaterialSetup 10066e84     <common>
 0003:00001e88       _m_getFailureDataForSerialNumber 10066e88     <common>
 0003:00001e8c       _m_mergeMaterialBin        10066e8c     <common>
 0003:00001e90       _m_registerUser            10066e90     <common>
 0003:00001e94       _m_updateSetupData         10066e94     <common>
 0003:00001e98       _m_getPoolSnr              10066e98     <common>
 0003:00001e9c       _m_shipMoveChildLotToNewParentLot 10066e9c     <common>
 0003:00001ea0       _m_mergeBatch              10066ea0     <common>
 0003:00001ea4       _m_equReportQuantity       10066ea4     <common>
 0003:00001ea8       _m_getPlacementName        10066ea8     <common>
 0003:00001eac       _m_getWorkorderForLine     10066eac     <common>
 0003:00001eb0       _m_getNextSerialNumberForWorkOrder 10066eb0     <common>
 0003:00001eb4       _m_appendAttributeToWorkorder 10066eb4     <common>
 0003:00001eb8       _m_checkSnrStateBySnrRef   10066eb8     <common>
 0003:00001ebc       _m_getNumberOfProducts     10066ebc     <common>
 0003:00001ec0       _m_checkSerialNumberState  10066ec0     <common>
 0003:00001ec4       _m_unregisterUser          10066ec4     <common>
 0003:00001ec8       _m_getMaterialBinInfo      10066ec8     <common>
 0003:00001ecc       _m_mdcGetStationMessages   10066ecc     <common>
 0003:00001ed0       _m_shipGetShippingLotsForPartNo 10066ed0     <common>
 0003:00001ed4       _m_getAttributesForWorkorder 10066ed4     <common>
 0003:00001ed8       _m_getRecipeHeaderAndVersion 10066ed8     <common>
 0003:00001edc       _m_getCalendarData         10066edc     <common>
 0003:00001ee0       _m_getAttributesForSerialNumber 10066ee0     <common>
 0003:00001ee4       _m_createAttribute         10066ee4     <common>
 0003:00001ee8       _m_shipDeactivateShippingLotAtKap 10066ee8     <common>
 0003:00001eec       _m_confirmAdvice           10066eec     <common>
 0003:00001ef0       _m_testPaa                 10066ef0     <common>
 0003:00001ef4       _m_createRecipe            10066ef4     <common>
 0003:00001ef8       _m_mdcGetStationConditions 10066ef8     <common>
 0003:00001efc       _m_getWorkplanItems        10066efc     <common>
 0003:00001f00       _m_getMergedUnits          10066f00     <common>
 0003:00001f04       _m_removeEquipmentForWorkorder 10066f04     <common>
 0003:00001f08       _m_createNewMaterialBin    10066f08     <common>
 0003:00001f0c       _m_assignSerialNumberForProductOrWorkorder 10066f0c     <common>
 0003:00001f10       _m_changeMatBinForSerialNumberRepair 10066f10     <common>
 0003:00001f14       _m_lockMaterialBin         10066f14     <common>
 0003:00001f18       _m_shipMoveAllChildLotsToNewParentLot 10066f18     <common>
 0003:00001f1c       _m_getMaterialBinData      10066f1c     <common>
 0003:00001f20       _m_getWorkordersForAttribute 10066f20     <common>
 0003:00001f24       _m_createNewMaterialBinExt 10066f24     <common>
 0003:00001f28       _m_splitBatchNoToSerialNumber 10066f28     <common>
 0003:00001f2c       _m_switchSerialNumber      10066f2c     <common>
 0003:00001f30       _m_getCurrentCalendar      10066f30     <common>
 0003:00001f34       _m_shipCompleteLot         10066f34     <common>
 0003:00001f38       _m_verifyMergeProduct      10066f38     <common>
 0003:00001f3c       _m_assignSerialNumberToWorkOrder 10066f3c     <common>
 0003:00001f40       _m_reportRmQuantity        10066f40     <common>
 0003:00001f44       _m_setupActivation         10066f44     <common>
 0003:00001f48       _m_getSnrUploadInfo        10066f48     <common>
 0003:00001f4c       _m_mdcGetConditionCodes    10066f4c     <common>
 0003:00001f50       _m_getFailureTypForStation 10066f50     <common>
 0003:00001f54       _m_setMaterialBinLocation  10066f54     <common>
 0003:00001f58       _m_updateSetupDataHistory  10066f58     <common>
 0003:00001f5c       _m_getPools                10066f5c     <common>
 0003:00001f60       _m_shipGetLotFromSerialNo  10066f60     <common>
 0003:00001f64       _m_getResultDataForSerialNumber 10066f64     <common>
 0003:00001f68       _m_changeMaterialBinAttributes 10066f68     <common>
 0003:00001f6c       _m_trGetLockedSerialNumbers 10066f6c     <common>
 0003:00001f70       _m_getMdaDocuments         10066f70     <common>
 0003:00001f74       _m_identifyPoolSnr         10066f74     <common>
 0003:00001f78       _m_addSnrToSnrPool         10066f78     <common>
 0003:00001f7c       _m_shipReplaceShippingLot  10066f7c     <common>
 0003:00001f80       _m_setMaterialBinState     10066f80     <common>
 0003:00001f84       _m_uploadMaterialBookings  10066f84     <common>
 0003:00001f88       _m_changeFeederBank        10066f88     <common>
 0003:00001f8c       _m_shipRemoveSnrFromShippingLot 10066f8c     <common>
 0003:00001f90       _m_getNextMaterialBinNumber 10066f90     <common>
 0003:00001f94       _m_smtConsumption          10066f94     <common>
 0003:00001f98       _m_getAdvice               10066f98     <common>
 0003:00001f9c       _m_uploadStateAndFailureData 10066f9c     <common>
 0003:00001fa0       _m_mdataGetBomData         10066fa0     <common>
 0003:00001fa4       _m_shipCheckSnrFromShippingLot 10066fa4     <common>
 0003:00001fa8       _m_unregisterBatch         10066fa8     <common>
 0003:00001fac       _m_apiLogout               10066fac     <common>
 0003:00001fb0       _m_getMaterialBinDataByProductNo 10066fb0     <common>
 0003:00001fb4       _m_smtEventSetup           10066fb4     <common>
 0003:00001fb8       _m_appendAttributeToSerialNumber 10066fb8     <common>
 0003:00001fbc       _m_setProductionCycleTime  10066fbc     <common>
 0003:00001fc0       _m_equGetReportedQuantity  10066fc0     <common>
 0003:00001fc4       _m_shipRemoveAllChildLotFromParentLot 10066fc4     <common>
 0003:00001fc8       _m_getSerialNumberHistoryData 10066fc8     <common>
 0003:00001fcc       _m_removeAttributeFromSerialNumber 10066fcc     <common>
 0003:00001fd0       _m_removeSnrFromSnrPool    10066fd0     <common>
 0003:00001fd4       _m_updateEquipmentData     10066fd4     <common>
 0003:00001fd8       _m_getSerialnumberInfo     10066fd8     <common>
 0003:00001fdc       _m_getMergeParts           10066fdc     <common>
 0003:00001fe0       _m_getSetupDataBySerialNumber 10066fe0     <common>
 0003:00001fe4       _m_removeAttributeFromMaterialBin 10066fe4     <common>
 0003:00001fe8       _m_getRequiredEquipmentData 10066fe8     <common>
 0003:00001fec       _m_trUnlockSerialNumbers   10066fec     <common>
 0003:00001ff0       _m_smtSerialNumberSetup    10066ff0     <common>
 0003:00001ff4       _m_mlChangeMaterialBinQuantity 10066ff4     <common>
 0003:00001ff8       _m_uploadStationWasteTime  10066ff8     <common>
 0003:00001ffc       _m_getCompleteMaterialSetup 10066ffc     <common>
 0003:00002000       _m_getSnrInfoData          10067000     <common>
 0003:00002004       _m_assignBatchNoToWorkorder 10067004     <common>
 0003:00002008       _m_mergeParts              10067008     <common>
 0003:0000200c       _m_uploadStationResult     1006700c     <common>
 0003:00002010       _m_uploadStationState      10067010     <common>
 0003:00002014       _m_getNextSerialNumber     10067014     <common>
 0003:00002018       _m_shipReopenShippingLot   10067018     <common>
 0003:0000201c       _m_activateWorkorder       1006701c     <common>
 0003:00002020       _m_appendAttributesToMaterialBin 10067020     <common>
 0003:00002024       _m_getRegisteredBatch      10067024     <common>
 0003:00002028       _m_getMaterialBinsForAttribute 10067028     <common>
 0003:0000202c       _m_getFailureCauseForStation 1006702c     <common>
 0003:00002030       _m_getKapSetupDataForMaterial 10067030     <common>
 0003:00002034       _m_switchSerialNumberBySnrRef 10067034     <common>
 0003:00002038       _m_shipGetChildLotsForParentLot 10067038     <common>
 0003:0000203c       _m_removeMergeParts        1006703c     <common>
 0003:00002040       _m_shipCheckSnrAddToShippingLot 10067040     <common>
 0003:00002044       _m_getMaterialSetupData    10067044     <common>
 0003:00002048       _m_changeWorkOrderForLine  10067048     <common>
 0003:0000204c       _m_apiHeartbeat            1006704c     <common>
 0003:00002050       _m_setSetupCycleTime       10067050     <common>
 0003:00002054       _m_uploadMaterialBinBookingsExt 10067054     <common>
 0003:00002058       _m_getProductInfo          10067058     <common>
 0003:0000205c       _m_shipMoveChildLotsFromLotToLot 1006705c     <common>
 0003:00002060       _m_verifyMergeBySnrRef     10067060     <common>
 0003:00002064       _m_getSerialNumbersForAttribute 10067064     <common>
 0003:00002068       _m_registerUserAtLine      10067068     <common>
 0003:0000206c       _m_verifyMerge             1006706c     <common>
 0003:00002070       _m_testSpa                 10067070     <common>
 0003:00002074       _m_uploadStateAndResultData 10067074     <common>
 0003:00002078       _m_changeWorkOrder         10067078     <common>
 0003:0000207c       _m_getFailureSlipDataForSerialNumber 1006707c     <common>
 0003:00002080       _m_logMessage              10067080     <common>
 0003:00002084       _m_getStorage              10067084     <common>
 0003:00002088       _m_getAttributesForMaterialBin 10067088     <common>
 0003:0000208c       _m_mdcUploadStationCondition 1006708c     <common>
 0003:00002090       _m_queryTestData           10067090     <common>
 0003:00002094       _m_checkMergedPartsForSnrComplete 10067094     <common>
 0003:00002098       _m_smtSetupPreparation     10067098     <common>
 0003:0000209c       _m_shipActivateShippingLotAtKap 1006709c     <common>
 0003:000020a0       _m_changeMaterialBinQuantity 100670a0     <common>
 0003:000020a4       _m_removeAttributeFromWorkorder 100670a4     <common>
 0003:000020a8       _m_queryRecipeData         100670a8     <common>
 0003:000020ac       _m_registerBatch           100670ac     <common>
 0003:000020b0       _m_uploadResultDataAndRecipe 100670b0     <common>
 0003:000020b4       _m_getBoxContent           100670b4     <common>
 0003:000020b8       _m_createSnrPool           100670b8     <common>
 0003:000020bc       _m_getRecipeData           100670bc     <common>
 0003:000020c0       _m_getSetupEquipmentData   100670c0     <common>
 0003:000020c4       _m_mdcCreateLog            100670c4     <common>
 0003:000020c8       _m_assignSerialNumberMergeAndUploadState 100670c8     <common>
 0003:000020cc       _m_getStationQuantity      100670cc     <common>
 0003:000020d0       _m_updateSetupDataBySnr    100670d0     <common>
 0003:000020d4       _m_shipGetShippingLotForLotNo 100670d4     <common>
 0003:000020d8       _m_customFunction          100670d8     <common>
 0003:000020dc       _m_getNextBookingForStationAndLayer 100670dc     <common>
 0003:000020e0       _m_uploadFailureslip       100670e0     <common>
 0003:000020e4       _m_bomCheck                100670e4     <common>
 0003:000020e8       _m_uploadState             100670e8     <common>
 0003:000020ec       _m_getStationSetup         100670ec     <common>
 0003:000020f0       _m_mlSetMaterialBinLocation 100670f0     <common>
 0003:000020f4       _m_mlSetMaterialBinState   100670f4     <common>
 0003:000020f8       _m_getPoolInfo             100670f8     <common>
 0003:000020fc       _m_deleteSnrPool           100670fc     <common>
 0003:00002100       _m_activateRecipe          10067100     <common>
 0003:00002104       _m_getSnrForWorkorderAndWorkstep 10067104     <common>
 0003:00002108       _m_mdcGetLog               10067108     <common>
 0003:0000210c       _m_mdataBomVerify          1006710c     <common>
 0003:00002110       _m_trGetSerialNumberLockHistory 10067110     <common>
 0003:00002114       _C_BooleanHolderClass      10067114     <common>
 0003:00002118       _C_WStringHolderConstructor 10067118     <common>
 0003:00002120       _actualSessionId           10067120     <common>
 0003:000022b0       _C_DoubleHolderCconstructor 100672b0     <common>
 0003:000022c0       _hashtab                   100672c0     <common>
 0003:0000260c       _C_BooleanHolderCconstructor 1006760c     <common>
 0003:00002610       _C_DoubleHolderClass       10067610     <common>
 0003:00002614       _C_StringClass             10067614     <common>
 0003:00002618       _C_WStringHolderValueFieldId 10067618     <common>
 0003:0000261c       _C_DoubleHolderValueFieldId 1006761c     <common>
 0003:00002620       _C_StringHolderConstructor 10067620     <common>
 0003:00002624       _C_BooleanHolderValueFieldId 10067624     <common>
 0003:00002628       _C_WStringClass            10067628     <common>
 0003:0000262c       _cLocatorFactory           1006762c     <common>
 0003:00002630       _C_StringHolderClass       10067630     <common>
 0003:00002634       _C_ShortHolderCconstructor 10067634     <common>
 0003:00002638       _C_LongHolderCconstructor  10067638     <common>
 0003:0000263c       _C_LongHolderValueFieldId  1006763c     <common>
 0003:00002640       _C_ShortHolderValueFieldId 10067640     <common>
 0003:00002644       _C_StringHolderValueFieldId 10067644     <common>
 0003:00002648       _C_FloatHolderCconstructor 10067648     <common>
 0003:0000264c       _C_ShortHolderClass        1006764c     <common>
 0003:00002660       _currentWorkingDirectory   10067660     <common>
 0003:00002760       _hrFrequency               10067760     <common>
 0003:00002768       _cewMIIService             10067768     <common>
 0003:0000276c       _oIhapLocator              1006776c     <common>
 0003:00002770       _oewMIIService             10067770     <common>
 0003:00002774       _C_WStringHolderClass      10067774     <common>
 0003:00002778       _C_FloatHolderValueFieldId 10067778     <common>
 0003:0000277c       _C_FloatHolderClass        1006777c     <common>
 0003:00002780       _C_LongHolderClass         10067780     <common>
 0003:000027a0       _currentDateTimeString     100677a0     <common>
 0003:000028a0       __debugger_hook_dummy      100678a0     <common>
 0003:000028a4       ___use_sse2_mathfcns       100678a4     <common>
 0003:000028a8       ___sse2_available          100678a8     <common>
 0003:000028ac       __nhandle                  100678ac     <common>
 0003:000028c0       ___pioinfo                 100678c0     <common>
 0003:000029c0       ___env_initialized         100679c0     <common>
 0003:000029c4       ___onexitend               100679c4     <common>
 0003:000029c8       ___onexitbegin             100679c8     <common>
 0003:000029cc       ___mbctype_initialized     100679cc     <common>
 0003:000029d0       ___dyn_tls_init_callback   100679d0     <common>
 0003:000029d4       ___active_heap             100679d4     <common>
 0003:000029d8       __pDestructExceptionObject 100679d8     <common>
 0003:000029dc       ___sbh_cntHeaderList       100679dc     <common>
 0003:000029e0       ___sbh_pHeaderList         100679e0     <common>
 0003:000029e4       ___sbh_threshold           100679e4     <common>
 0003:000029e8       ___sbh_pHeaderScan         100679e8     <common>
 0003:000029ec       ___sbh_sizeHeaderList      100679ec     <common>
 0003:000029f0       ___sbh_indGroupDefer       100679f0     <common>
 0003:000029f4       __acmdln                   100679f4     <common>
 0003:000029f8       ___piob                    100679f8     <common>
 0003:00002a00       __bufin                    10067a00     <common>
 0003:00003a00       __nstream                  10068a00     <common>

 entry point at        0001:00045f50

 Static symbols

 0001:00044fe8       _flsall                    10045fe8 f   LIBCMT:fflush.obj
 0001:00045e5a       ___DllMainCRTStartup       10046e5a f   LIBCMT:dllcrt0.obj
 0001:00045f71       ?CPtoLCID@@YAHH@Z          10046f71 f   LIBCMT:mbctype.obj
 0001:00045fa0       ?setSBCS@@YAXPAUthreadmbcinfostruct@@@Z 10046fa0 f   LIBCMT:mbctype.obj
 0001:00045ff5       ?setSBUpLow@@YAXPAUthreadmbcinfostruct@@@Z 10046ff5 f   LIBCMT:mbctype.obj
 0001:00046223       ?getSystemCP@@YAHH@Z       10047223 f   LIBCMT:mbctype.obj
 0001:00046852       __updatetlocinfoEx_nolock  10047852 f   LIBCMT:setlocal.obj
 0001:00046f73       ?__crtLCMapStringA_stat@@YAHPAUlocaleinfo_struct@@KKPBDHPADHHH@Z 10047f73 f   LIBCMT:a_map.obj
 0001:00048450       __initterm                 10049450 f   LIBCMT:crt0dat.obj
 0001:0004858d       _doexit                    1004958d f   LIBCMT:crt0dat.obj
 0001:00049930       _write_char                1004a930 f   LIBCMT:output.obj
 0001:00049963       _write_multi_char          1004a963 f   LIBCMT:output.obj
 0001:00049987       _write_string              1004a987 f   LIBCMT:output.obj
 0001:0004a8e7       __shift                    1004b8e7 f   LIBCMT:cvt.obj
 0001:0004a920       __cftoe2_l                 1004b920 f   LIBCMT:cvt.obj
 0001:0004aeea       __cftof2_l                 1004beea f   LIBCMT:cvt.obj
 0001:0004b9ec       __unwind_handler4          1004c9ec f   LIBCMT:exsup4.obj
 0001:0004bb8a       _parse_cmdline             1004cb8a f   LIBCMT:stdargv.obj
 0001:0004c1fa       ?__crtGetStringTypeA_stat@@YAHPAUlocaleinfo_struct@@KPBDHPAGHHH@Z 1004d1fa f   LIBCMT:a_str.obj
 0001:0004cc86       ___crtInitCritSecNoSpinCount@8 1004dc86 f   LIBCMT:initcrit.obj
 0001:0004d1ae       __onexit_nolock            1004e1ae f   LIBCMT:onexit.obj
 0001:0004d33b       _siglookup                 1004e33b f   LIBCMT:winsig.obj
 0001:0004d724       _fastcopy_I                1004e724 f   LIBCMT:p4_memcpy.obj
 0001:0004e285       ?strtoxl@@YAKPAUlocaleinfo_struct@@PBDPAPBDHH@Z 1004f285 f   LIBCMT:strtol.obj
 0001:0004f1b0       __tsopen_nolock            100501b0 f   LIBCMT:open.obj
 0001:0004fca8       __unwind_handler           10050ca8 f   LIBCMT:exsup.obj
 0001:0004fdbf       ?x_ismbbtype_l@@YAHPAUlocaleinfo_struct@@IHH@Z 10050dbf f   LIBCMT:ismbbyte.obj
 0001:0004fe23       _fastzero_I                10050e23 f   LIBCMT:p4_memset.obj
 0001:000502f1       _has_osfxsr_set            100512f1 f   LIBCMT:cpu_disp.obj
 0001:00051e0a       __hw_cw                    10052e0a f   LIBCMT:ieee87.obj
 0001:00051e98       ___hw_cw_sse2              10052e98 f   LIBCMT:ieee87.obj
